Archive member included because of file (symbol)

/home/chris/devkitPro/libctru/lib/libctru.a(console.o)
                              main.o (consoleInit)
/home/chris/devkitPro/libctru/lib/libctru.a(srv.o)
                              main.o (srvExit)
/home/chris/devkitPro/libctru/lib/libctru.a(gfx.o)
                              main.o (gfxSet3D)
/home/chris/devkitPro/libctru/lib/libctru.a(gsp.o)
                              /home/chris/devkitPro/libctru/lib/libctru.a(gfx.o) (gspInit)
/home/chris/devkitPro/libctru/lib/libctru.a(apt.o)
                              main.o (aptInit)
/home/chris/devkitPro/libctru/lib/libctru.a(hid.o)
                              main.o (hidExit)
/home/chris/devkitPro/libctru/lib/libctru.a(gx.o)
                              /home/chris/devkitPro/libctru/lib/libctru.a(gfx.o) (gxCmdBuf)
/home/chris/devkitPro/libctru/lib/libctru.a(initArgv.o)
                              /home/chris/devkitPro/devkitARM/bin/../lib/gcc/arm-none-eabi/4.9.2/../../../../arm-none-eabi/lib/3dsx_crt0.o (__system_argc)
/home/chris/devkitPro/libctru/lib/libctru.a(svc.o)
                              /home/chris/devkitPro/libctru/lib/libctru.a(gsp.o) (svcCreateThread)
/home/chris/devkitPro/libctru/lib/libctru.a(stack_adjust.o)
                              /home/chris/devkitPro/devkitARM/bin/../lib/gcc/arm-none-eabi/4.9.2/../../../../arm-none-eabi/lib/3dsx_crt0.o (initSystem)
/home/chris/devkitPro/libctru/lib/libctru.a(default_font.bin.o)
                              /home/chris/devkitPro/libctru/lib/libctru.a(console.o) (default_font_bin)
/home/chris/devkitPro/libctru/lib/libctru.a(vram.o)
                              /home/chris/devkitPro/libctru/lib/libctru.a(gfx.o) (vramAlloc)
/home/chris/devkitPro/libctru/lib/libctru.a(linear.o)
                              /home/chris/devkitPro/libctru/lib/libctru.a(gfx.o) (linearAlloc)
/home/chris/devkitPro/libctru/lib/libctru.a(mem_pool.o)
                              /home/chris/devkitPro/libctru/lib/libctru.a(vram.o) (MemPool::Allocate(MemChunk&, unsigned long, int))
/home/chris/devkitPro/libctru/lib/libctru.a(irrst.o)
                              /home/chris/devkitPro/libctru/lib/libctru.a(hid.o) (irrstExit)
/home/chris/devkitPro/libctru/lib/libctru.a(rbtree_init.o)
                              /home/chris/devkitPro/libctru/lib/libctru.a(vram.o) (rbtree_init)
/home/chris/devkitPro/libctru/lib/libctru.a(rbtree_insert.o)
                              /home/chris/devkitPro/libctru/lib/libctru.a(vram.o) (rbtree_insert)
/home/chris/devkitPro/libctru/lib/libctru.a(rbtree_rotate.o)
                              /home/chris/devkitPro/libctru/lib/libctru.a(rbtree_insert.o) (rbtree_rotate)
/home/chris/devkitPro/libctru/lib/libctru.a(rbtree_remove.o)
                              /home/chris/devkitPro/libctru/lib/libctru.a(vram.o) (rbtree_remove)
/home/chris/devkitPro/libctru/lib/libctru.a(rbtree_find.o)
                              /home/chris/devkitPro/libctru/lib/libctru.a(vram.o) (rbtree_find)
/home/chris/devkitPro/libctru/lib/libctru.a(initSystem.o)
                              /home/chris/devkitPro/libctru/lib/libctru.a(stack_adjust.o) (__libctru_init)
/home/chris/devkitPro/libctru/lib/libctru.a(appInit.o)
                              /home/chris/devkitPro/libctru/lib/libctru.a(initSystem.o) (__appInit)
/home/chris/devkitPro/libctru/lib/libctru.a(allocateHeaps.o)
                              /home/chris/devkitPro/libctru/lib/libctru.a(initSystem.o) (__system_allocateHeaps)
/home/chris/devkitPro/libctru/lib/libctru.a(ctru_exit.o)
                              /home/chris/devkitPro/libctru/lib/libctru.a(stack_adjust.o) (__libctru_exit)
/home/chris/devkitPro/libctru/lib/libctru.a(sdmc_dev.o)
                              /home/chris/devkitPro/libctru/lib/libctru.a(appInit.o) (sdmcInit)
/home/chris/devkitPro/libctru/lib/libctru.a(fs.o)
                              /home/chris/devkitPro/libctru/lib/libctru.a(sdmc_dev.o) (FS_makePath)
/home/chris/devkitPro/libctru/lib/libctru.a(rbtree_iterator.o)
                              /home/chris/devkitPro/libctru/lib/libctru.a(rbtree_remove.o) (rbtree_node_next)
/home/chris/devkitPro/libctru/lib/libctru.a(appExit.o)
                              /home/chris/devkitPro/libctru/lib/libctru.a(ctru_exit.o) (__appExit)
/home/chris/devkitPro/devkitARM/bin/../lib/gcc/arm-none-eabi/4.9.2/libgcc.a(_divsi3.o)
                              /home/chris/devkitPro/libctru/lib/libctru.a(console.o) (__aeabi_idivmod)
/home/chris/devkitPro/devkitARM/bin/../lib/gcc/arm-none-eabi/4.9.2/libgcc.a(_dvmd_tls.o)
                              /home/chris/devkitPro/devkitARM/bin/../lib/gcc/arm-none-eabi/4.9.2/libgcc.a(_divsi3.o) (__aeabi_idiv0)
/home/chris/devkitPro/devkitARM/bin/../lib/gcc/arm-none-eabi/4.9.2/../../../../arm-none-eabi/lib/libg.a(lib_a-fini.o)
                              /home/chris/devkitPro/libctru/lib/libctru.a(stack_adjust.o) (__libc_fini_array)
[...]
Memory Configuration

Name             Origin             Length             Attributes
*default*        0x0000000000000000 0xffffffffffffffff

Linker script and memory map

                0x0000000000100000                . = 0x100000
                0x0000000000100000                __start__ = .

.text           0x0000000000100000    0x29d14
 *(.crt0)
 .crt0          0x0000000000100000       0x94 /home/chris/devkitPro/devkitARM/bin/../lib/gcc/arm-none-eabi/4.9.2/../../../../arm-none-eabi/lib/3dsx_crt0.o
                0x0000000000100000                _start
                0x0000000000100008                __service_ptr
                0x000000000010000c                __apt_appid
                0x0000000000100010                __heap_size
                0x0000000000100014                __linear_heap_size
                0x0000000000100018                __system_arglist
                0x000000000010001c                __system_runflags
 *(.init)
 .init          0x0000000000100094        0xc /home/chris/devkitPro/devkitARM/bin/../lib/gcc/arm-none-eabi/4.9.2/crti.o
                0x0000000000100094                _init
 .init          0x00000000001000a0        0xc /home/chris/devkitPro/devkitARM/bin/../lib/gcc/arm-none-eabi/4.9.2/crtn.o
                0x00000000001000ac                . = ALIGN (0x4)
 *(.text)
 .text          0x00000000001000ac        0x0 /home/chris/devkitPro/devkitARM/bin/../lib/gcc/arm-none-eabi/4.9.2/../../../../arm-none-eabi/lib/3dsx_crt0.o
 .text          0x00000000001000ac        0x0 /home/chris/devkitPro/devkitARM/bin/../lib/gcc/arm-none-eabi/4.9.2/crti.o
 .text          0x00000000001000ac      0x108 /home/chris/devkitPro/devkitARM/bin/../lib/gcc/arm-none-eabi/4.9.2/crtbegin.o
 .text          0x00000000001001b4        0x0 main.o
 .text          0x00000000001001b4     0x103c /home/chris/devkitPro/libctru/lib/libctru.a(console.o)
                0x00000000001001b4                debug_write
                0x00000000001001d0                consoleGetDefault
                0x00000000001001dc                consoleDebugInit
                0x000000000010025c                consoleSelect
                0x0000000000100274                consoleSetFont
                0x0000000000100290                consoleDrawChar
                0x000000000010043c                consolePrintChar
                0x00000000001006d4                consoleInit
                0x00000000001009a8                con_write
                0x00000000001011ac                consoleClear
                0x00000000001011b8                consoleSetWindow
 .text          0x00000000001011f0      0x304 /home/chris/devkitPro/libctru/lib/libctru.a(srv.o)
                0x00000000001011f0                __get_handle_from_list
                0x0000000000101288                __destroy_handle_list
                0x00000000001012dc                srvExit
                0x0000000000101304                srvRegisterClient
                0x000000000010133c                srvInit
                0x00000000001013a4                srvGetServiceHandle
                0x0000000000101424                srvPmInit
                0x0000000000101478                srvRegisterProcess
                0x00000000001014c0                srvUnregisterProcess
 .text          0x00000000001014f4      0x72c /home/chris/devkitPro/libctru/lib/libctru.a(gfx.o)
                0x0000000000101580                gfxSet3D
                0x0000000000101590                gfxSetScreenFormat
                0x00000000001015a8                gfxGetScreenFormat
                0x00000000001015c0                gfxSetDoubleBuffering
                0x00000000001015d4                gfxSetFramebufferInfo
                0x0000000000101644                gfxWriteFramebufferInfo
                0x0000000000101708                gfxInit
                0x00000000001018e8                gfxInitDefault
                0x00000000001018f8                gfxExit
                0x00000000001019c4                gfxGetFramebuffer
                0x0000000000101a74                gfxFlushBuffers
                0x0000000000101b50                gfxSwapBuffers
                0x0000000000101bc4                gfxSwapBuffersGpu
 .text          0x0000000000101c20      0x8c8 /home/chris/devkitPro/libctru/lib/libctru.a(gsp.o)
                0x0000000000101d2c                gspInit
                0x0000000000101d40                gspExit
                0x0000000000101d58                gspInitEventHandler
                0x0000000000101e24                gspExitEventHandler
                0x0000000000101e7c                gspWaitForEvent
                0x0000000000101ed4                GSPGPU_WriteHWRegs
                0x0000000000101f44                GSPGPU_WriteHWRegsWithMask
                0x0000000000101fd0                GSPGPU_ReadHWRegs
                0x0000000000102040                GSPGPU_SetBufferSwap
                0x00000000001020b4                GSPGPU_FlushDataCache
                0x0000000000102108                GSPGPU_InvalidateDataCache
                0x000000000010215c                GSPGPU_SetLcdForceBlack
                0x0000000000102198                GSPGPU_TriggerCmdReqQueue
                0x00000000001021cc                GSPGPU_RegisterInterruptRelayQueue
                0x0000000000102238                GSPGPU_UnregisterInterruptRelayQueue
                0x000000000010226c                GSPGPU_AcquireRight
                0x00000000001022bc                GSPGPU_ReleaseRight
                0x00000000001022f0                GSPGPU_ImportDisplayCaptureInfo
                0x0000000000102374                GSPGPU_SaveVramSysArea
                0x00000000001023a8                GSPGPU_RestoreVramSysArea
                0x00000000001023dc                GSPGPU_SubmitGxCommand
 .text          0x00000000001024e8     0x1860 /home/chris/devkitPro/libctru/lib/libctru.a(apt.o)
                0x000000000010254c                aptInitCaptureInfo
                0x0000000000102600                aptWaitStatusEvent
                0x0000000000102628                aptGetStatus
                0x0000000000102660                aptSetStatus
                0x00000000001026c4                aptGetStatusPower
                0x00000000001026fc                aptSetStatusPower
                0x0000000000102734                aptOpenSession
                0x0000000000102758                aptCloseSession
                0x0000000000102780                aptSignalReadyForSleep
                0x0000000000102790                APT_GetLockHandle
                0x00000000001027e0                APT_Initialize
                0x0000000000102848                APT_HardwareResetAsync
                0x000000000010287c                APT_Enable
                0x00000000001028b8                APT_GetAppletManInfo
                0x0000000000102938                aptGetMenuAppID
                0x0000000000102974                APT_IsRegistered
                0x00000000001029c4                APT_InquireNotification
                0x0000000000102a14                APT_PrepareToJumpToHomeMenu
                0x0000000000102a48                APT_JumpToHomeMenu
                0x0000000000102a98                APT_NotifyToWait
                0x0000000000102ad4                APT_AppletUtility
                0x0000000000102b5c                aptAppletUtility_Exit_RetToApp
                0x0000000000102c7c                aptAppletClosed
                0x0000000000102d9c                aptInit
                0x0000000000102ef0                APT_GlanceParameter
                0x0000000000102f64                APT_ReceiveParameter
                0x0000000000102fd8                APT_SendParameter
                0x0000000000103048                APT_SendCaptureBufferInfo
                0x0000000000103094                aptReturnToMenu
                0x0000000000103254                APT_ReplySleepQuery
                0x0000000000103294                APT_ReplySleepNotificationComplete
                0x00000000001032d0                aptEventHandler
                0x000000000010359c                APT_PrepareToCloseApplication
                0x00000000001035d8                APT_CloseApplication
                0x0000000000103630                aptExit
                0x0000000000103710                APT_SetAppCpuTimeLimit
                0x0000000000103754                APT_GetAppCpuTimeLimit
                0x00000000001037a8                APT_CheckNew3DS_Application
                0x00000000001037f8                APT_CheckNew3DS_System
                0x0000000000103848                APT_CheckNew3DS
                0x00000000001038c4                APT_PrepareToDoAppJump
                0x0000000000103910                APT_DoAppJump
                0x0000000000103978                APT_PrepareToStartLibraryApplet
                0x00000000001039b4                APT_StartLibraryApplet
                0x0000000000103a14                aptAppletStarted
                0x0000000000103b18                aptMainLoop
                0x0000000000103b90                APT_LaunchLibraryApplet
 .text          0x0000000000103d48      0x6e0 /home/chris/devkitPro/libctru/lib/libctru.a(hid.o)
                0x0000000000103d48                hidExit
                0x0000000000103dec                hidWaitForEvent
                0x0000000000103e44                hidCheckSectionUpdateTime
                0x0000000000103e80                hidScanInput
                0x00000000001040b4                hidKeysHeld
                0x00000000001040c4                hidKeysDown
                0x00000000001040d4                hidKeysUp
                0x00000000001040e4                hidTouchRead
                0x00000000001040fc                hidCircleRead
                0x0000000000104114                hidAccelRead
                0x0000000000104134                hidGyroRead
                0x0000000000104154                HIDUSER_GetHandles
                0x00000000001041e4                hidInit
                0x0000000000104304                HIDUSER_EnableAccelerometer
                0x0000000000104330                HIDUSER_DisableAccelerometer
                0x000000000010435c                HIDUSER_EnableGyroscope
                0x0000000000104388                HIDUSER_DisableGyroscope
                0x00000000001043b4                HIDUSER_GetGyroscopeRawToDpsCoefficient
                0x00000000001043f0                HIDUSER_GetSoundVolume
 .text          0x0000000000104428      0x264 /home/chris/devkitPro/libctru/lib/libctru.a(gx.o)
                0x0000000000104428                GX_RequestDma
                0x000000000010447c                GX_SetCommandList_Last
                0x00000000001044e4                GX_SetMemoryFill
                0x0000000000104558                GX_SetDisplayTransfer
                0x00000000001045bc                GX_SetTextureCopy
                0x0000000000104624                GX_SetCommandList_First
 .text          0x000000000010468c       0xf0 /home/chris/devkitPro/libctru/lib/libctru.a(initArgv.o)
                0x000000000010468c                __system_initArgv
 *fill*         0x000000000010477c        0x4 
 .text          0x0000000000104780      0x250 /home/chris/devkitPro/libctru/lib/libctru.a(svc.o)
                0x0000000000104780                svcControlMemory
                0x00000000001047a0                svcQueryMemory
                0x00000000001047d0                svcExitProcess
                0x00000000001047d8                svcCreateThread
                0x00000000001047f8                svcExitThread
                0x0000000000104800                svcSleepThread
                0x0000000000104808                svcSetThreadPriority
                0x0000000000104810                svcCreateMutex
                0x0000000000104824                svcReleaseMutex
                0x000000000010482c                svcCreateEvent
                0x0000000000104840                svcSignalEvent
                0x0000000000104848                svcClearEvent
                0x0000000000104850                svcCreateTimer
                0x0000000000104864                svcSetTimer
                0x000000000010486c                svcCancelTimer
                0x0000000000104874                svcClearTimer
                0x000000000010487c                svcCreateMemoryBlock
                0x0000000000104894                svcMapMemoryBlock
                0x000000000010489c                svcUnmapMemoryBlock
                0x00000000001048a4                svcCreateAddressArbiter
                0x00000000001048ac                svcArbitrateAddress
                0x00000000001048cc                svcCloseHandle
                0x00000000001048d4                svcWaitSynchronization
                0x00000000001048dc                svcWaitSynchronizationN
                0x0000000000104904                svcDuplicateHandle
                0x0000000000104918                svcGetSystemTick
                0x0000000000104920                svcGetSystemInfo
                0x0000000000104940                svcGetProcessInfo
                0x000000000010495c                svcConnectToPort
                0x0000000000104970                svcSendSyncRequest
                0x0000000000104978                svcGetProcessId
                0x000000000010498c                svcOutputDebugString
                0x0000000000104994                svcCreateSemaphore
                0x00000000001049a8                svcReleaseSemaphore
                0x00000000001049bc                svcGetThreadId
 .text          0x00000000001049d0       0x5c /home/chris/devkitPro/libctru/lib/libctru.a(stack_adjust.o)
                0x00000000001049d0                initSystem
                0x0000000000104a10                __ctru_exit
 .text          0x0000000000104a2c        0x0 /home/chris/devkitPro/libctru/lib/libctru.a(default_font.bin.o)
 .text          0x0000000000104a2c      0x1c4 /home/chris/devkitPro/libctru/lib/libctru.a(vram.o)
                0x0000000000104a54                vramMemAlign
                0x0000000000104b84                vramAlloc
                0x0000000000104b8c                vramRealloc
                0x0000000000104b94                vramFree
                0x0000000000104be4                vramSpaceFree
 .text          0x0000000000104bf0      0x1d4 /home/chris/devkitPro/libctru/lib/libctru.a(linear.o)
                0x0000000000104c18                linearMemAlign
                0x0000000000104d58                linearAlloc
                0x0000000000104d60                linearRealloc
                0x0000000000104d68                linearFree
                0x0000000000104db8                linearSpaceFree
 .text          0x0000000000104dc4      0x300 /home/chris/devkitPro/libctru/lib/libctru.a(mem_pool.o)
                0x0000000000104dc4                MemPool::CoalesceRight(MemBlock*)
                0x0000000000104e68                MemPool::Allocate(MemChunk&, unsigned long, int)
                0x0000000000104f94                MemPool::Deallocate(MemChunk const&)
                0x0000000000105094                MemPool::GetFreeSpace()
 .text          0x00000000001050c4      0x350 /home/chris/devkitPro/libctru/lib/libctru.a(irrst.o)
                0x00000000001050c4                irrstExit
                0x000000000010512c                irrstWaitForEvent
                0x0000000000105178                irrstCheckSectionUpdateTime
                0x00000000001051b4                irrstScanInput
                0x0000000000105268                irrstKeysHeld
                0x0000000000105280                irrstCstickRead
                0x0000000000105298                IRRST_GetHandles
                0x00000000001052e8                irrstInit
                0x00000000001053b0                IRRST_Initialize
                0x00000000001053e8                IRRST_Shutdown
 .text          0x0000000000105414       0x14 /home/chris/devkitPro/libctru/lib/libctru.a(rbtree_init.o)
                0x0000000000105414                rbtree_init
 .text          0x0000000000105428      0x1f4 /home/chris/devkitPro/libctru/lib/libctru.a(rbtree_insert.o)
                0x000000000010560c                rbtree_insert
                0x0000000000105614                rbtree_insert_multi
 .text          0x000000000010561c       0xac /home/chris/devkitPro/libctru/lib/libctru.a(rbtree_rotate.o)
                0x000000000010561c                rbtree_rotate
 .text          0x00000000001056c8      0x340 /home/chris/devkitPro/libctru/lib/libctru.a(rbtree_remove.o)
                0x00000000001056c8                rbtree_remove
 .text          0x0000000000105a08       0x70 /home/chris/devkitPro/libctru/lib/libctru.a(rbtree_find.o)
                0x0000000000105a08                rbtree_find
 .text          0x0000000000105a78       0x48 /home/chris/devkitPro/libctru/lib/libctru.a(initSystem.o)
                0x0000000000105a78                __libctru_init
 .text          0x0000000000105ac0       0x20 /home/chris/devkitPro/libctru/lib/libctru.a(appInit.o)
                0x0000000000105ac0                __appInit
 .text          0x0000000000105ae0       0xa4 /home/chris/devkitPro/libctru/lib/libctru.a(allocateHeaps.o)
                0x0000000000105ae0                __system_allocateHeaps
 .text          0x0000000000105b84       0x94 /home/chris/devkitPro/libctru/lib/libctru.a(ctru_exit.o)
                0x0000000000105b84                __libctru_exit
 .text          0x0000000000105c18      0xb38 /home/chris/devkitPro/libctru/lib/libctru.a(sdmc_dev.o)
                0x000000000010662c                sdmcInit
                0x0000000000106700                sdmcExit
 .text          0x0000000000106750      0xb80 /home/chris/devkitPro/libctru/lib/libctru.a(fs.o)
                0x0000000000106750                FS_makePath
                0x000000000010677c                fsExit
                0x00000000001067a0                FSUSER_Initialize
                0x0000000000106814                fsInit
                0x0000000000106880                FSUSER_OpenFile
                0x000000000010692c                FSUSER_OpenFileDirectly
                0x00000000001069f8                FSUSER_DeleteFile
                0x0000000000106a80                FSUSER_RenameFile
                0x0000000000106b44                FSUSER_DeleteDirectory
                0x0000000000106bcc                FSUSER_DeleteDirectoryRecursively
                0x0000000000106bd4                FSUSER_CreateFile
                0x0000000000106c6c                FSUSER_CreateDirectory
                0x0000000000106cf8                FSUSER_RenameDirectory
                0x0000000000106dbc                FSUSER_OpenDirectory
                0x0000000000106e50                FSUSER_OpenArchive
                0x0000000000106ed8                FSUSER_CloseArchive
                0x0000000000106f30                FSUSER_GetSdmcArchiveResource
                0x0000000000106fac                FSUSER_IsSdmcDetected
                0x0000000000106ff8                FSUSER_IsSdmcWritable
                0x0000000000107044                FSFILE_Close
                0x0000000000107088                FSFILE_Read
                0x00000000001070e4                FSFILE_Write
                0x0000000000107148                FSFILE_GetSize
                0x0000000000107188                FSFILE_SetSize
                0x00000000001071b4                FSFILE_GetAttributes
                0x00000000001071ec                FSFILE_SetAttributes
                0x0000000000107214                FSFILE_Flush
                0x0000000000107238                FSDIR_Read
                0x000000000010728c                FSDIR_Close
 .text          0x00000000001072d0      0x118 /home/chris/devkitPro/libctru/lib/libctru.a(rbtree_iterator.o)
                0x00000000001072d0                rbtree_node_next
                0x000000000010735c                rbtree_node_prev
 .text          0x00000000001073e8       0x1c /home/chris/devkitPro/libctru/lib/libctru.a(appExit.o)
                0x00000000001073e8                __appExit
 .text          0x0000000000107404      0x148 /home/chris/devkitPro/devkitARM/bin/../lib/gcc/arm-none-eabi/4.9.2/libgcc.a(_divsi3.o)
                0x0000000000107404                __aeabi_idiv
                0x0000000000107404                __divsi3
                0x000000000010752c                __aeabi_idivmod
 .text          0x000000000010754c        0x4 /home/chris/devkitPro/devkitARM/bin/../lib/gcc/arm-none-eabi/4.9.2/libgcc.a(_dvmd_tls.o)
                0x000000000010754c                __aeabi_ldiv0
                0x000000000010754c                __aeabi_idiv0
 .text          0x0000000000107550       0x48 /home/chris/devkitPro/devkitARM/bin/../lib/gcc/arm-none-eabi/4.9.2/../../../../arm-none-eabi/lib/libg.a(lib_a-fini.o)
                0x0000000000107550                __libc_fini_array
 .text          0x0000000000107598        0x0 /home/chris/devkitPro/devkitARM/bin/../lib/gcc/arm-none-eabi/4.9.2/../../../../arm-none-eabi/lib/libg.a(lib_a-impure.o)
 .text          0x0000000000107598       0x80 /home/chris/devkitPro/devkitARM/bin/../lib/gcc/arm-none-eabi/4.9.2/../../../../arm-none-eabi/lib/libg.a(lib_a-init.o)
                0x0000000000107598                __libc_init_array
 .text          0x0000000000107618       0x74 /home/chris/devkitPro/devkitARM/bin/../lib/gcc/arm-none-eabi/4.9.2/../../../../arm-none-eabi/lib/libg.a(lib_a-iprintf.o)
                0x0000000000107618                iprintf
                0x0000000000107658                _iprintf_r
 .text          0x000000000010768c       0x40 /home/chris/devkitPro/devkitARM/bin/../lib/gcc/arm-none-eabi/4.9.2/../../../../arm-none-eabi/lib/libg.a(lib_a-malloc.o)
                0x000000000010768c                malloc
                0x00000000001076ac                free
 .text          0x00000000001076cc      0x724 /home/chris/devkitPro/devkitARM/bin/../lib/gcc/arm-none-eabi/4.9.2/../../../../arm-none-eabi/lib/libg.a(lib_a-mallocr.o)
                0x00000000001076cc                _malloc_r
 .text          0x0000000000107df0       0xf0 /home/chris/devkitPro/devkitARM/bin/../lib/gcc/arm-none-eabi/4.9.2/../../../../arm-none-eabi/lib/libg.a(lib_a-memcpy-stub.o)
                0x0000000000107df0                memcpy
 .text          0x0000000000107ee0       0xf4 /home/chris/devkitPro/devkitARM/bin/../lib/gcc/arm-none-eabi/4.9.2/../../../../arm-none-eabi/lib/libg.a(lib_a-memset.o)
                0x0000000000107ee0                memset
 .text          0x0000000000107fd4        0x8 /home/chris/devkitPro/devkitARM/bin/../lib/gcc/arm-none-eabi/4.9.2/../../../../arm-none-eabi/lib/libg.a(lib_a-mlock.o)
                0x0000000000107fd4                __malloc_lock
                0x0000000000107fd8                __malloc_unlock
 .text          0x0000000000107fdc       0x74 /home/chris/devkitPro/devkitARM/bin/../lib/gcc/arm-none-eabi/4.9.2/../../../../arm-none-eabi/lib/libg.a(lib_a-printf.o)
                0x0000000000107fdc                _printf_r
                0x0000000000108010                printf
 .text          0x0000000000108050      0x174 /home/chris/devkitPro/devkitARM/bin/../lib/gcc/arm-none-eabi/4.9.2/../../../../arm-none-eabi/lib/libg.a(lib_a-setvbuf.o)
                0x0000000000108050                setvbuf
 .text          0x00000000001081c4      0x100 /home/chris/devkitPro/devkitARM/bin/../lib/gcc/arm-none-eabi/4.9.2/../../../../arm-none-eabi/lib/libg.a(lib_a-sscanf.o)
                0x00000000001081c4                sscanf
                0x0000000000108244                _sscanf_r
 .text          0x00000000001082c4       0xd8 /home/chris/devkitPro/devkitARM/bin/../lib/gcc/arm-none-eabi/4.9.2/../../../../arm-none-eabi/lib/libg.a(lib_a-stdio.o)
                0x00000000001082c4                __sread
                0x00000000001082f8                __seofread
                0x0000000000108300                __swrite
                0x0000000000108358                __sseek
                0x0000000000108388                __sclose
 .text          0x000000000010839c      0x160 /home/chris/devkitPro/devkitARM/bin/../lib/gcc/arm-none-eabi/4.9.2/../../../../arm-none-eabi/lib/libg.a(lib_a-strchr.o)
                0x000000000010839c                strchr
 .text          0x00000000001084fc       0xf0 /home/chris/devkitPro/devkitARM/bin/../lib/gcc/arm-none-eabi/4.9.2/../../../../arm-none-eabi/lib/libg.a(lib_a-strcpy.o)
                0x00000000001084fc                strcpy
 .text          0x00000000001085ec       0x60 /home/chris/devkitPro/devkitARM/bin/../lib/gcc/arm-none-eabi/4.9.2/../../../../arm-none-eabi/lib/libg.a(lib_a-strlen.o)
                0x00000000001085ec                strlen
 .text          0x000000000010864c       0xa8 /home/chris/devkitPro/devkitARM/bin/../lib/gcc/arm-none-eabi/4.9.2/../../../../arm-none-eabi/lib/libg.a(lib_a-strncat.o)
                0x000000000010864c                strncat
 .text          0x00000000001086f4       0xe4 /home/chris/devkitPro/devkitARM/bin/../lib/gcc/arm-none-eabi/4.9.2/../../../../arm-none-eabi/lib/libg.a(lib_a-strncpy.o)
                0x00000000001086f4                strncpy
 .text          0x00000000001087d8       0x54 /home/chris/devkitPro/devkitARM/bin/../lib/gcc/arm-none-eabi/4.9.2/../../../../arm-none-eabi/lib/libg.a(lib_a-strrchr.o)
                0x00000000001087d8                strrchr
 .text          0x000000000010882c     0x2af4 /home/chris/devkitPro/devkitARM/bin/../lib/gcc/arm-none-eabi/4.9.2/../../../../arm-none-eabi/lib/libg.a(lib_a-svfscanf.o)
                0x000000000010882c                __ssvfscanf_r
 .text          0x000000000010b320     0x3c00 /home/chris/devkitPro/devkitARM/bin/../lib/gcc/arm-none-eabi/4.9.2/../../../../arm-none-eabi/lib/libg.a(lib_a-vfiprintf.o)
                0x000000000010bc2c                __sprint_r
                0x000000000010bc44                _vfiprintf_r
                0x000000000010ee4c                vfiprintf
 .text          0x000000000010ef20     0x4db8 /home/chris/devkitPro/devkitARM/bin/../lib/gcc/arm-none-eabi/4.9.2/../../../../arm-none-eabi/lib/libg.a(lib_a-vfprintf.o)
                0x000000000010f780                _vfprintf_r
                0x0000000000113c04                vfprintf
 .text          0x0000000000113cd8      0x138 /home/chris/devkitPro/devkitARM/bin/../lib/gcc/arm-none-eabi/4.9.2/../../../../arm-none-eabi/lib/libg.a(lib_a-wcrtomb.o)
                0x0000000000113cd8                _wcrtomb_r
                0x0000000000113d70                wcrtomb
 .text          0x0000000000113e10       0x60 /home/chris/devkitPro/devkitARM/bin/../lib/gcc/arm-none-eabi/4.9.2/../../../../arm-none-eabi/lib/libg.a(lib_a-wcsrtombs.o)
                0x0000000000113e10                _wcsrtombs_r
                0x0000000000113e34                wcsrtombs
 .text          0x0000000000113e70      0x3cc /home/chris/devkitPro/devkitARM/bin/../lib/gcc/arm-none-eabi/4.9.2/../../../../arm-none-eabi/lib/libg.a(lib_a-wctomb_r.o)
                0x0000000000113e70                __utf8_wctomb
                0x0000000000113f84                _wctomb_r
                0x0000000000113fd4                __ascii_wctomb
                0x0000000000113ffc                __sjis_wctomb
                0x0000000000114088                __eucjp_wctomb
                0x000000000011415c                __jis_wctomb
 .text          0x000000000011423c      0x160 /home/chris/devkitPro/devkitARM/bin/../lib/gcc/arm-none-eabi/4.9.2/../../../../arm-none-eabi/lib/libg.a(lib_a-wsetup.o)
                0x000000000011423c                __swsetup_r
 .text          0x000000000011439c       0x18 /home/chris/devkitPro/devkitARM/bin/../lib/gcc/arm-none-eabi/4.9.2/../../../../arm-none-eabi/lib/libg.a(lib_a-ctype_.o)
                0x000000000011439c                __set_ctype
 *fill*         0x00000000001143b4        0x4 
 .text          0x00000000001143b8     0x1878 /home/chris/devkitPro/devkitARM/bin/../lib/gcc/arm-none-eabi/4.9.2/../../../../arm-none-eabi/lib/libg.a(lib_a-dtoa.o)
                0x0000000000114590                _dtoa_r
 .text          0x0000000000115c30      0x2d0 /home/chris/devkitPro/devkitARM/bin/../lib/gcc/arm-none-eabi/4.9.2/../../../../arm-none-eabi/lib/libg.a(lib_a-fflush.o)
                0x0000000000115c30                __sflush_r
                0x0000000000115e70                _fflush_r
                0x0000000000115ec4                fflush
 .text          0x0000000000115f00      0x350 /home/chris/devkitPro/devkitARM/bin/../lib/gcc/arm-none-eabi/4.9.2/../../../../arm-none-eabi/lib/libg.a(lib_a-findfp.o)
                0x0000000000115f10                _cleanup_r
                0x0000000000116088                __sfmoreglue
                0x00000000001160d8                __sfp
                0x00000000001161c4                _cleanup
                0x00000000001161e8                __sinit
                0x00000000001161f8                __sfp_lock_acquire
                0x00000000001161fc                __sfp_lock_release
                0x0000000000116200                __sinit_lock_acquire
                0x0000000000116204                __sinit_lock_release
                0x0000000000116208                __fp_lock_all
                0x000000000011622c                __fp_unlock_all
 .text          0x0000000000116250      0x190 /home/chris/devkitPro/devkitARM/bin/../lib/gcc/arm-none-eabi/4.9.2/../../../../arm-none-eabi/lib/libg.a(lib_a-fputwc.o)
                0x0000000000116250                _fputwc_r
                0x000000000011639c                fputwc
 .text          0x00000000001163e0      0x3bc /home/chris/devkitPro/devkitARM/bin/../lib/gcc/arm-none-eabi/4.9.2/../../../../arm-none-eabi/lib/libg.a(lib_a-freer.o)
                0x00000000001163e0                _malloc_trim_r
                0x00000000001164e0                _free_r
 .text          0x000000000011679c      0x4ec /home/chris/devkitPro/devkitARM/bin/../lib/gcc/arm-none-eabi/4.9.2/../../../../arm-none-eabi/lib/libg.a(lib_a-fvwrite.o)
                0x000000000011679c                __sfvwrite_r
 .text          0x0000000000116c88      0x110 /home/chris/devkitPro/devkitARM/bin/../lib/gcc/arm-none-eabi/4.9.2/../../../../arm-none-eabi/lib/libg.a(lib_a-fwalk.o)
                0x0000000000116c88                _fwalk
                0x0000000000116d0c                _fwalk_reent
 .text          0x0000000000116d98       0x7c /home/chris/devkitPro/devkitARM/bin/../lib/gcc/arm-none-eabi/4.9.2/../../../../arm-none-eabi/lib/libg.a(lib_a-iswspace.o)
                0x0000000000116d98                iswspace
 .text          0x0000000000116e14      0x280 /home/chris/devkitPro/devkitARM/bin/../lib/gcc/arm-none-eabi/4.9.2/../../../../arm-none-eabi/lib/libg.a(lib_a-jp2uc.o)
                0x0000000000117018                _jp2uc
 .text          0x0000000000117094      0xd40 /home/chris/devkitPro/devkitARM/bin/../lib/gcc/arm-none-eabi/4.9.2/../../../../arm-none-eabi/lib/libg.a(lib_a-locale.o)
                0x0000000000117a64                _setlocale_r
                0x0000000000117d6c                __locale_charset
                0x0000000000117d78                __locale_mb_cur_max
                0x0000000000117d88                __locale_msgcharset
                0x0000000000117d94                __locale_cjk_lang
                0x0000000000117da4                _localeconv_r
                0x0000000000117db0                setlocale
                0x0000000000117dc8                localeconv
 .text          0x0000000000117dd4      0x168 /home/chris/devkitPro/devkitARM/bin/../lib/gcc/arm-none-eabi/4.9.2/../../../../arm-none-eabi/lib/libg.a(lib_a-makebuf.o)
                0x0000000000117dd4                __smakebuf_r
 .text          0x0000000000117f3c      0x14c /home/chris/devkitPro/devkitARM/bin/../lib/gcc/arm-none-eabi/4.9.2/../../../../arm-none-eabi/lib/libg.a(lib_a-mbrtowc.o)
                0x0000000000117f3c                _mbrtowc_r
                0x0000000000117fe0                mbrtowc
 .text          0x0000000000118088      0x784 /home/chris/devkitPro/devkitARM/bin/../lib/gcc/arm-none-eabi/4.9.2/../../../../arm-none-eabi/lib/libg.a(lib_a-mbtowc_r.o)
                0x0000000000118088                __utf8_mbtowc
                0x000000000011838c                _mbtowc_r
                0x00000000001183e0                __ascii_mbtowc
                0x000000000011842c                __sjis_mbtowc
                0x0000000000118508                __eucjp_mbtowc
                0x0000000000118658                __jis_mbtowc
 .text          0x000000000011880c      0x118 /home/chris/devkitPro/devkitARM/bin/../lib/gcc/arm-none-eabi/4.9.2/../../../../arm-none-eabi/lib/libg.a(lib_a-memchr-stub.o)
                0x000000000011880c                memchr
 .text          0x0000000000118924      0x12c /home/chris/devkitPro/devkitARM/bin/../lib/gcc/arm-none-eabi/4.9.2/../../../../arm-none-eabi/lib/libg.a(lib_a-memmove.o)
                0x0000000000118924                memmove
 .text          0x0000000000118a50      0xd74 /home/chris/devkitPro/devkitARM/bin/../lib/gcc/arm-none-eabi/4.9.2/../../../../arm-none-eabi/lib/libg.a(lib_a-mprec.o)
                0x0000000000118a50                _Balloc
                0x0000000000118ae0                _Bfree
                0x0000000000118afc                __multadd
                0x0000000000118bd8                __s2b
                0x0000000000118cc0                __hi0bits
                0x0000000000118d1c                __lo0bits
                0x0000000000118db0                __i2b
                0x0000000000118dd4                __multiply
                0x0000000000118fc4                __pow5mult
                0x00000000001190c8                __lshift
                0x00000000001191c0                __mcmp
                0x0000000000119224                __mdiff
                0x0000000000119378                __ulp
                0x00000000001193dc                __b2d
                0x00000000001194d8                __d2b
                0x00000000001195e4                __ratio
                0x000000000011967c                _mprec_log10
                0x00000000001196d4                __copybits
                0x0000000000119744                __any_on
 .text          0x00000000001197c4      0x4dc /home/chris/devkitPro/devkitARM/bin/../lib/gcc/arm-none-eabi/4.9.2/../../../../arm-none-eabi/lib/libg.a(lib_a-reallocr.o)
                0x00000000001197c4                _realloc_r
 .text          0x0000000000119ca0       0xdc /home/chris/devkitPro/devkitARM/bin/../lib/gcc/arm-none-eabi/4.9.2/../../../../arm-none-eabi/lib/libg.a(lib_a-sccl.o)
                0x0000000000119ca0                __sccl
 .text          0x0000000000119d7c        0xc /home/chris/devkitPro/devkitARM/bin/../lib/gcc/arm-none-eabi/4.9.2/../../../../arm-none-eabi/lib/libg.a(lib_a-sf_nan.o)
                0x0000000000119d7c                nanf
 .text          0x0000000000119d88       0x6c /home/chris/devkitPro/devkitARM/bin/../lib/gcc/arm-none-eabi/4.9.2/../../../../arm-none-eabi/lib/libg.a(lib_a-s_fpclassify.o)
                0x0000000000119d88                __fpclassifyd
 .text          0x0000000000119df4       0xa8 /home/chris/devkitPro/devkitARM/bin/../lib/gcc/arm-none-eabi/4.9.2/../../../../arm-none-eabi/lib/libg.a(lib_a-s_frexp.o)
                0x0000000000119df4                frexp
 .text          0x0000000000119e9c       0xdc /home/chris/devkitPro/devkitARM/bin/../lib/gcc/arm-none-eabi/4.9.2/../../../../arm-none-eabi/lib/libg.a(lib_a-sprintf.o)
                0x0000000000119e9c                _sprintf_r
                0x0000000000119f04                sprintf
 .text          0x0000000000119f78      0x110 /home/chris/devkitPro/devkitARM/bin/../lib/gcc/arm-none-eabi/4.9.2/../../../../arm-none-eabi/lib/libg.a(lib_a-stpncpy.o)
                0x0000000000119f78                stpncpy
 .text          0x000000000011a088       0x6c /home/chris/devkitPro/devkitARM/bin/../lib/gcc/arm-none-eabi/4.9.2/../../../../arm-none-eabi/lib/libg.a(lib_a-strcasecmp.o)
                0x000000000011a088                strcasecmp
 .text          0x000000000011a0f4       0x84 /home/chris/devkitPro/devkitARM/bin/../lib/gcc/arm-none-eabi/4.9.2/../../../../arm-none-eabi/lib/libg.a(lib_a-strcat.o)
                0x000000000011a0f4                strcat
 .text          0x000000000011a178      0x230 /home/chris/devkitPro/devkitARM/bin/../lib/gcc/arm-none-eabi/4.9.2/../../../../arm-none-eabi/lib/libg.a(lib_a-strcmp.o)
                0x000000000011a178                strcmp
 .text          0x000000000011a3a8       0x48 /home/chris/devkitPro/devkitARM/bin/../lib/gcc/arm-none-eabi/4.9.2/../../../../arm-none-eabi/lib/libg.a(lib_a-strlcpy.o)
                0x000000000011a3a8                strlcpy
 .text          0x000000000011a3f0       0x94 /home/chris/devkitPro/devkitARM/bin/../lib/gcc/arm-none-eabi/4.9.2/../../../../arm-none-eabi/lib/libg.a(lib_a-strncasecmp.o)
                0x000000000011a3f0                strncasecmp
 .text          0x000000000011a484      0x118 /home/chris/devkitPro/devkitARM/bin/../lib/gcc/arm-none-eabi/4.9.2/../../../../arm-none-eabi/lib/libg.a(lib_a-strncmp.o)
                0x000000000011a484                strncmp
 *fill*         0x000000000011a59c        0x4 
 .text          0x000000000011a5a0     0x16a8 /home/chris/devkitPro/devkitARM/bin/../lib/gcc/arm-none-eabi/4.9.2/../../../../arm-none-eabi/lib/libg.a(lib_a-strtod.o)
                0x000000000011a5a0                _strtod_r
                0x000000000011bbdc                strtod
                0x000000000011bbf4                strtof
 .text          0x000000000011bc48      0x2c8 /home/chris/devkitPro/devkitARM/bin/../lib/gcc/arm-none-eabi/4.9.2/../../../../arm-none-eabi/lib/libg.a(lib_a-strtoll_r.o)
                0x000000000011bc48                _strtoll_r
 .text          0x000000000011bf10      0x204 /home/chris/devkitPro/devkitARM/bin/../lib/gcc/arm-none-eabi/4.9.2/../../../../arm-none-eabi/lib/libg.a(lib_a-strtol.o)
                0x000000000011bf10                _strtol_r
                0x000000000011c0ec                strtol
 *fill*         0x000000000011c114        0x4 
 .text          0x000000000011c118      0x270 /home/chris/devkitPro/devkitARM/bin/../lib/gcc/arm-none-eabi/4.9.2/../../../../arm-none-eabi/lib/libg.a(lib_a-strtoull_r.o)
                0x000000000011c118                _strtoull_r
 .text          0x000000000011c388      0x1f4 /home/chris/devkitPro/devkitARM/bin/../lib/gcc/arm-none-eabi/4.9.2/../../../../arm-none-eabi/lib/libg.a(lib_a-strtoul.o)
                0x000000000011c388                _strtoul_r
                0x000000000011c554                strtoul
 .text          0x000000000011c57c     0x38b4 /home/chris/devkitPro/devkitARM/bin/../lib/gcc/arm-none-eabi/4.9.2/../../../../arm-none-eabi/lib/libg.a(lib_a-svfiprintf.o)
                0x000000000011cddc                __ssprint_r
                0x000000000011cf8c                _svfiprintf_r
 .text          0x000000000011fe30     0x237c /home/chris/devkitPro/devkitARM/bin/../lib/gcc/arm-none-eabi/4.9.2/../../../../arm-none-eabi/lib/libg.a(lib_a-svfiscanf.o)
                0x000000000011fe30                _sungetc_r
                0x000000000011ff24                __ssrefill_r
                0x000000000011ff90                _sfread_r
                0x0000000000120068                __ssvfiscanf_r
 .text          0x00000000001221ac     0x4cbc /home/chris/devkitPro/devkitARM/bin/../lib/gcc/arm-none-eabi/4.9.2/../../../../arm-none-eabi/lib/libg.a(lib_a-svfprintf.o)
                0x0000000000122a0c                _svfprintf_r
 .text          0x0000000000126e68      0x24c /home/chris/devkitPro/devkitARM/bin/../lib/gcc/arm-none-eabi/4.9.2/../../../../arm-none-eabi/lib/libg.a(lib_a-ungetc.o)
                0x0000000000126e68                __submore
                0x0000000000126f18                _ungetc_r
                0x000000000012709c                ungetc
 .text          0x00000000001270b4      0x140 /home/chris/devkitPro/devkitARM/bin/../lib/gcc/arm-none-eabi/4.9.2/../../../../arm-none-eabi/lib/libg.a(lib_a-wbuf.o)
                0x00000000001270b4                __swbuf_r
                0x00000000001271dc                __swbuf
 .text          0x00000000001271f4      0x1dc /home/chris/devkitPro/devkitARM/bin/../lib/gcc/arm-none-eabi/4.9.2/../../../../arm-none-eabi/lib/libg.a(lib_a-wcsnrtombs.o)
                0x00000000001271f4                _wcsnrtombs_r
                0x0000000000127388                wcsnrtombs
 .text          0x00000000001273d0       0x9c /home/chris/devkitPro/devkitARM/bin/../lib/gcc/arm-none-eabi/4.9.2/../../../../arm-none-eabi/lib/libg.a(lib_a-callocr.o)
                0x00000000001273d0                _calloc_r
 .text          0x000000000012746c      0x110 /home/chris/devkitPro/devkitARM/bin/../lib/gcc/arm-none-eabi/4.9.2/../../../../arm-none-eabi/lib/libg.a(lib_a-fclose.o)
                0x000000000012746c                _fclose_r
                0x0000000000127568                fclose
 .text          0x000000000012757c      0x8e4 /home/chris/devkitPro/devkitARM/bin/../lib/gcc/arm-none-eabi/4.9.2/../../../../arm-none-eabi/lib/libg.a(lib_a-gdtoa-gethex.o)
                0x0000000000127670                __gethex
 .text          0x0000000000127e60      0x26c /home/chris/devkitPro/devkitARM/bin/../lib/gcc/arm-none-eabi/4.9.2/../../../../arm-none-eabi/lib/libg.a(lib_a-gdtoa-hexnan.o)
                0x0000000000127e60                __hexnan
 .text          0x00000000001280cc       0xec /home/chris/devkitPro/devkitARM/bin/../lib/gcc/arm-none-eabi/4.9.2/../../../../arm-none-eabi/lib/libg.a(lib_a-getenv_r.o)
                0x00000000001280cc                _findenv_r
                0x000000000012819c                _getenv_r
 .text          0x00000000001281b8        0x0 /home/chris/devkitPro/devkitARM/bin/../lib/gcc/arm-none-eabi/4.9.2/../../../../arm-none-eabi/lib/libg.a(lib_a-environ.o)
 .text          0x00000000001281b8        0x8 /home/chris/devkitPro/devkitARM/bin/../lib/gcc/arm-none-eabi/4.9.2/../../../../arm-none-eabi/lib/libg.a(lib_a-envlock.o)
                0x00000000001281b8                __env_lock
                0x00000000001281bc                __env_unlock
 .text          0x00000000001281c0      0x1c4 /home/chris/devkitPro/devkitARM/bin/../lib/gcc/arm-none-eabi/4.9.2/../../../../arm-none-eabi/lib/libsysbase.a(iosupport.o)
                0x00000000001281c0                setDefaultDevice
                0x00000000001281d8                FindDevice
                0x0000000000128290                RemoveDevice
                0x00000000001282c0                AddDevice
                0x000000000012835c                GetDeviceOpTab
 .text          0x0000000000128384       0x74 /home/chris/devkitPro/devkitARM/bin/../lib/gcc/arm-none-eabi/4.9.2/../../../../arm-none-eabi/lib/libsysbase.a(close.o)
                0x0000000000128384                _close_r
 .text          0x00000000001283f8       0x80 /home/chris/devkitPro/devkitARM/bin/../lib/gcc/arm-none-eabi/4.9.2/../../../../arm-none-eabi/lib/libsysbase.a(fstat.o)
                0x00000000001283f8                _fstat_r
 .text          0x0000000000128478        0x8 /home/chris/devkitPro/devkitARM/bin/../lib/gcc/arm-none-eabi/4.9.2/../../../../arm-none-eabi/lib/libsysbase.a(isatty.o)
                0x0000000000128478                _isatty_r
 .text          0x0000000000128480       0x80 /home/chris/devkitPro/devkitARM/bin/../lib/gcc/arm-none-eabi/4.9.2/../../../../arm-none-eabi/lib/libsysbase.a(lseek.o)
                0x0000000000128480                _lseek_r
 .text          0x0000000000128500       0x80 /home/chris/devkitPro/devkitARM/bin/../lib/gcc/arm-none-eabi/4.9.2/../../../../arm-none-eabi/lib/libsysbase.a(read.o)
                0x0000000000128500                _read_r
 .text          0x0000000000128580       0x70 /home/chris/devkitPro/devkitARM/bin/../lib/gcc/arm-none-eabi/4.9.2/../../../../arm-none-eabi/lib/libsysbase.a(sbrk.o)
                0x0000000000128580                _sbrk_r
 .text          0x00000000001285f0       0x84 /home/chris/devkitPro/devkitARM/bin/../lib/gcc/arm-none-eabi/4.9.2/../../../../arm-none-eabi/lib/libsysbase.a(write.o)
                0x00000000001285f0                _write_r
 .text          0x0000000000128674        0x0 /home/chris/devkitPro/devkitARM/bin/../lib/gcc/arm-none-eabi/4.9.2/../../../../arm-none-eabi/lib/libsysbase.a(malloc_vars.o)
 .text          0x0000000000128674      0x378 /home/chris/devkitPro/devkitARM/bin/../lib/gcc/arm-none-eabi/4.9.2/../../../../arm-none-eabi/lib/libsysbase.a(chdir.o)
                0x0000000000128674                _concatenate_path
                0x0000000000128838                chdir
                0x000000000012897c                getcwd
 .text          0x00000000001289ec        0x0 /home/chris/devkitPro/devkitARM/bin/../lib/gcc/arm-none-eabi/4.9.2/../../../../arm-none-eabi/lib/libsysbase.a(syscall_support.o)
 .text          0x00000000001289ec       0xb0 /home/chris/devkitPro/devkitARM/bin/../lib/gcc/arm-none-eabi/4.9.2/../../../../arm-none-eabi/lib/libsysbase.a(handle_manager.o)
                0x00000000001289ec                __release_handle
                0x0000000000128a24                __alloc_handle
                0x0000000000128a80                __get_handle
 .text          0x0000000000128a9c      0x114 /home/chris/devkitPro/devkitARM/bin/../lib/gcc/arm-none-eabi/4.9.2/libgcc.a(_udivsi3.o)
                0x0000000000128a9c                __udivsi3
                0x0000000000128a9c                __aeabi_uidiv
                0x0000000000128b90                __aeabi_uidivmod
 .text          0x0000000000128bb0      0x41c /home/chris/devkitPro/devkitARM/bin/../lib/gcc/arm-none-eabi/4.9.2/libgcc.a(_arm_addsubdf3.o)
                0x0000000000128bb0                __aeabi_drsub
                0x0000000000128bb8                __aeabi_dsub
                0x0000000000128bb8                __subdf3
                0x0000000000128bbc                __adddf3
                0x0000000000128bbc                __aeabi_dadd
                0x0000000000128ecc                __aeabi_ui2d
                0x0000000000128ecc                __floatunsidf
                0x0000000000128ef0                __floatsidf
                0x0000000000128ef0                __aeabi_i2d
                0x0000000000128f18                __extendsfdf2
                0x0000000000128f18                __aeabi_f2d
                0x0000000000128f58                __aeabi_ul2d
                0x0000000000128f58                __floatundidf
                0x0000000000128f6c                __floatdidf
                0x0000000000128f6c                __aeabi_l2d
 .text          0x0000000000128fcc      0x49c /home/chris/devkitPro/devkitARM/bin/../lib/gcc/arm-none-eabi/4.9.2/libgcc.a(_arm_muldivdf3.o)
                0x0000000000128fcc                __aeabi_dmul
                0x0000000000128fcc                __muldf3
                0x000000000012925c                __aeabi_ddiv
                0x000000000012925c                __divdf3
 .text          0x0000000000129468      0x144 /home/chris/devkitPro/devkitARM/bin/../lib/gcc/arm-none-eabi/4.9.2/libgcc.a(_arm_cmpdf2.o)
                0x0000000000129468                __gtdf2
                0x0000000000129468                __gedf2
                0x0000000000129470                __ltdf2
                0x0000000000129470                __ledf2
                0x0000000000129478                __cmpdf2
                0x0000000000129478                __eqdf2
                0x0000000000129478                __nedf2
                0x0000000000129500                __aeabi_cdrcmple
                0x000000000012951c                __aeabi_cdcmple
                0x000000000012951c                __aeabi_cdcmpeq
                0x0000000000129534                __aeabi_dcmpeq
                0x000000000012954c                __aeabi_dcmplt
                0x0000000000129564                __aeabi_dcmple
                0x000000000012957c                __aeabi_dcmpge
                0x0000000000129594                __aeabi_dcmpgt
 .text          0x00000000001295ac       0x5c /home/chris/devkitPro/devkitARM/bin/../lib/gcc/arm-none-eabi/4.9.2/libgcc.a(_arm_fixdfsi.o)
                0x00000000001295ac                __fixdfsi
                0x00000000001295ac                __aeabi_d2iz
 .text          0x0000000000129608       0x54 /home/chris/devkitPro/devkitARM/bin/../lib/gcc/arm-none-eabi/4.9.2/libgcc.a(_arm_fixunsdfsi.o)
                0x0000000000129608                __fixunsdfsi
                0x0000000000129608                __aeabi_d2uiz
 .text          0x000000000012965c       0xa0 /home/chris/devkitPro/devkitARM/bin/../lib/gcc/arm-none-eabi/4.9.2/libgcc.a(_arm_truncdfsf2.o)
                0x000000000012965c                __aeabi_d2f
                0x000000000012965c                __truncdfsf2
 .text          0x00000000001296fc       0x3c /home/chris/devkitPro/devkitARM/bin/../lib/gcc/arm-none-eabi/4.9.2/libgcc.a(_aeabi_uldivmod.o)
                0x00000000001296fc                __aeabi_uldivmod
 .text          0x0000000000129738       0x84 /home/chris/devkitPro/devkitARM/bin/../lib/gcc/arm-none-eabi/4.9.2/libgcc.a(bpabi.o)
                0x0000000000129738                __gnu_ldivmod_helper
                0x000000000012977c                __gnu_uldivmod_helper
 .text          0x00000000001297bc      0x178 /home/chris/devkitPro/devkitARM/bin/../lib/gcc/arm-none-eabi/4.9.2/libgcc.a(_divdi3.o)
                0x00000000001297bc                __divdi3
 .text          0x0000000000129934      0x120 /home/chris/devkitPro/devkitARM/bin/../lib/gcc/arm-none-eabi/4.9.2/libgcc.a(_udivdi3.o)
                0x0000000000129934                __udivdi3
 .text          0x0000000000129a54       0x28 /home/chris/devkitPro/devkitARM/bin/../lib/gcc/arm-none-eabi/4.9.2/libgcc.a(_clzdi2.o)
                0x0000000000129a54                __clzdi2
 .text          0x0000000000129a7c       0x48 /home/chris/devkitPro/devkitARM/bin/../lib/gcc/arm-none-eabi/4.9.2/libgcc.a(_clzsi2.o)
                0x0000000000129a7c                __clzsi2
 .text          0x0000000000129ac4       0x5c /home/chris/devkitPro/devkitARM/bin/../lib/gcc/arm-none-eabi/4.9.2/../../../../arm-none-eabi/lib/libg.a(lib_a-strnlen.o)
                0x0000000000129ac4                strnlen
 .text          0x0000000000129b20        0x0 /home/chris/devkitPro/devkitARM/bin/../lib/gcc/arm-none-eabi/4.9.2/crtend.o
 .text          0x0000000000129b20        0x0 /home/chris/devkitPro/devkitARM/bin/../lib/gcc/arm-none-eabi/4.9.2/crtn.o
 *(.text.*)
 .text.startup  0x0000000000129b20      0x170 main.o
                0x0000000000129b20                main
 .text.unlikely
                0x0000000000129c90       0x6c /home/chris/devkitPro/devkitARM/bin/../lib/gcc/arm-none-eabi/4.9.2/../../../../arm-none-eabi/lib/libg.a(lib_a-strtod.o)
 *(.glue_7)
 .glue_7        0x0000000000000000        0x0 linker stubs
 *(.glue_7t)
 .glue_7t       0x0000000000000000        0x0 linker stubs
 *(.stub)
 *(.gnu.warning)
 *(.gnu.linkonce.t*)
                0x0000000000129cfc                . = ALIGN (0x4)
 *(.fini)
 .fini          0x0000000000129cfc        0xc /home/chris/devkitPro/devkitARM/bin/../lib/gcc/arm-none-eabi/4.9.2/crti.o
                0x0000000000129cfc                _fini
 .fini          0x0000000000129d08        0xc /home/chris/devkitPro/devkitARM/bin/../lib/gcc/arm-none-eabi/4.9.2/crtn.o
                0x0000000000129d14                . = ALIGN (0x4)

.vfp11_veneer   0x0000000000129d14        0x0
 .vfp11_veneer  0x0000000000000000        0x0 linker stubs

.v4_bx          0x0000000000129d14        0x0
 .v4_bx         0x0000000000000000        0x0 linker stubs

.iplt           0x0000000000129d14        0x0
 .iplt          0x0000000000000000        0x0 /home/chris/devkitPro/devkitARM/bin/../lib/gcc/arm-none-eabi/4.9.2/../../../../arm-none-eabi/lib/3dsx_crt0.o

.rodata         0x000000000012a000     0x48b4
 *(.rodata)
 .rodata        0x000000000012a000      0x15c /home/chris/devkitPro/libctru/lib/libctru.a(console.o)
 .rodata        0x000000000012a15c       0x14 /home/chris/devkitPro/libctru/lib/libctru.a(gfx.o)
 .rodata        0x000000000012a170        0xc /home/chris/devkitPro/libctru/lib/libctru.a(apt.o)
 .rodata        0x000000000012a17c      0x804 /home/chris/devkitPro/libctru/lib/libctru.a(default_font.bin.o)
                0x000000000012a17c                default_font_bin
                0x000000000012a97c                default_font_bin_end
                0x000000000012a97c                default_font_bin_size
 .rodata        0x000000000012a980        0x4 /home/chris/devkitPro/devkitARM/bin/../lib/gcc/arm-none-eabi/4.9.2/../../../../arm-none-eabi/lib/libg.a(lib_a-impure.o)
                0x000000000012a980                _global_impure_ptr
 .rodata        0x000000000012a984       0x24 /home/chris/devkitPro/devkitARM/bin/../lib/gcc/arm-none-eabi/4.9.2/../../../../arm-none-eabi/lib/libg.a(lib_a-svfscanf.o)
 .rodata        0x000000000012a9a8       0x20 /home/chris/devkitPro/devkitARM/bin/../lib/gcc/arm-none-eabi/4.9.2/../../../../arm-none-eabi/lib/libg.a(lib_a-vfiprintf.o)
 .rodata        0x000000000012a9c8       0x20 /home/chris/devkitPro/devkitARM/bin/../lib/gcc/arm-none-eabi/4.9.2/../../../../arm-none-eabi/lib/libg.a(lib_a-vfprintf.o)
 .rodata        0x000000000012a9e8      0x104 /home/chris/devkitPro/devkitARM/bin/../lib/gcc/arm-none-eabi/4.9.2/../../../../arm-none-eabi/lib/libg.a(lib_a-ctype_.o)
                0x000000000012a9e8                _ctype_
 .rodata        0x000000000012aaec     0x34d0 /home/chris/devkitPro/devkitARM/bin/../lib/gcc/arm-none-eabi/4.9.2/../../../../arm-none-eabi/lib/libg.a(lib_a-jp2uc.o)
 .rodata        0x000000000012dfbc       0x1c /home/chris/devkitPro/devkitARM/bin/../lib/gcc/arm-none-eabi/4.9.2/../../../../arm-none-eabi/lib/libg.a(lib_a-locale.o)
 .rodata        0x000000000012dfd8       0x90 /home/chris/devkitPro/devkitARM/bin/../lib/gcc/arm-none-eabi/4.9.2/../../../../arm-none-eabi/lib/libg.a(lib_a-mbtowc_r.o)
 .rodata        0x000000000012e068      0x128 /home/chris/devkitPro/devkitARM/bin/../lib/gcc/arm-none-eabi/4.9.2/../../../../arm-none-eabi/lib/libg.a(lib_a-mprec.o)
                0x000000000012e078                __mprec_tens
                0x000000000012e140                __mprec_tinytens
                0x000000000012e168                __mprec_bigtens
 .rodata        0x000000000012e190       0x50 /home/chris/devkitPro/devkitARM/bin/../lib/gcc/arm-none-eabi/4.9.2/../../../../arm-none-eabi/lib/libg.a(lib_a-strtod.o)
 .rodata        0x000000000012e1e0      0x1f8 /home/chris/devkitPro/devkitARM/bin/../lib/gcc/arm-none-eabi/4.9.2/../../../../arm-none-eabi/lib/libg.a(lib_a-svfiprintf.o)
                0x000000000012e1e0                __chclass
                0x000000000012e2e0                __state_table
                0x000000000012e34c                __action_table
 .rodata        0x000000000012e3d8       0x24 /home/chris/devkitPro/devkitARM/bin/../lib/gcc/arm-none-eabi/4.9.2/../../../../arm-none-eabi/lib/libg.a(lib_a-svfiscanf.o)
 .rodata        0x000000000012e3fc       0x20 /home/chris/devkitPro/devkitARM/bin/../lib/gcc/arm-none-eabi/4.9.2/../../../../arm-none-eabi/lib/libg.a(lib_a-svfprintf.o)
 .rodata        0x000000000012e41c      0x100 /home/chris/devkitPro/devkitARM/bin/../lib/gcc/arm-none-eabi/4.9.2/../../../../arm-none-eabi/lib/libg.a(lib_a-gdtoa-gethex.o)
                0x000000000012e41c                __hexdig
 .rodata        0x000000000012e51c       0x64 /home/chris/devkitPro/devkitARM/bin/../lib/gcc/arm-none-eabi/4.9.2/../../../../arm-none-eabi/lib/libsysbase.a(iosupport.o)
                0x000000000012e51c                dotab_stdnull
 .rodata        0x000000000012e580        0xc /home/chris/devkitPro/devkitARM/bin/../lib/gcc/arm-none-eabi/4.9.2/../../../../arm-none-eabi/lib/libsysbase.a(chdir.o)
                0x000000000012e580                DIRECTORY_PARENT
                0x000000000012e584                DIRECTORY_THIS
                0x000000000012e588                DIRECTORY_SEPARATOR
 *(.roda)
 *(.rodata.*)
 .rodata.str1.4
                0x000000000012e58c       0xbf main.o
                                         0xc0 (size before relaxing)
 *fill*         0x000000000012e64b        0x1 
 .rodata.str1.4
                0x000000000012e64c       0x70 /home/chris/devkitPro/libctru/lib/libctru.a(console.o)
 .rodata.str1.4
                0x000000000012e6bc        0xf /home/chris/devkitPro/libctru/lib/libctru.a(srv.o)
                                         0x10 (size before relaxing)
 *fill*         0x000000000012e6cb        0x1 
 .rodata.str1.4
                0x000000000012e6cc        0x9 /home/chris/devkitPro/libctru/lib/libctru.a(gsp.o)
                                          0xc (size before relaxing)
 *fill*         0x000000000012e6d5        0x3 
 .rodata.str1.4
                0x000000000012e6d8       0x16 /home/chris/devkitPro/libctru/lib/libctru.a(apt.o)
                                         0x18 (size before relaxing)
 *fill*         0x000000000012e6ee        0x2 
 .rodata.str1.4
                0x000000000012e6f0        0x9 /home/chris/devkitPro/libctru/lib/libctru.a(hid.o)
                                          0xc (size before relaxing)
 *fill*         0x000000000012e6f9        0x3 
 .rodata.str1.4
                0x000000000012e6fc        0x7 /home/chris/devkitPro/libctru/lib/libctru.a(irrst.o)
                                          0x8 (size before relaxing)
 *fill*         0x000000000012e703        0x1 
 .rodata.str1.4
                0x000000000012e704        0x5 /home/chris/devkitPro/libctru/lib/libctru.a(sdmc_dev.o)
                                          0xc (size before relaxing)
 *fill*         0x000000000012e709        0x3 
 .rodata.str1.4
                0x000000000012e70c        0x8 /home/chris/devkitPro/libctru/lib/libctru.a(fs.o)
 .rodata.str1.4
                0x000000000012e714        0x2 /home/chris/devkitPro/devkitARM/bin/../lib/gcc/arm-none-eabi/4.9.2/../../../../arm-none-eabi/lib/libg.a(lib_a-impure.o)
                                          0x4 (size before relaxing)
 *fill*         0x000000000012e716        0x2 
 .rodata.str1.4
                0x000000000012e718        0x5 /home/chris/devkitPro/devkitARM/bin/../lib/gcc/arm-none-eabi/4.9.2/../../../../arm-none-eabi/lib/libg.a(lib_a-svfscanf.o)
                                          0x8 (size before relaxing)
 *fill*         0x000000000012e71d        0x3 
 .rodata.str1.4
                0x000000000012e720       0x2f /home/chris/devkitPro/devkitARM/bin/../lib/gcc/arm-none-eabi/4.9.2/../../../../arm-none-eabi/lib/libg.a(lib_a-vfiprintf.o)
                                         0x30 (size before relaxing)
 *fill*         0x000000000012e74f        0x1 
 .rodata.str1.4
                0x000000000012e750       0x12 /home/chris/devkitPro/devkitARM/bin/../lib/gcc/arm-none-eabi/4.9.2/../../../../arm-none-eabi/lib/libg.a(lib_a-vfprintf.o)
                                         0x44 (size before relaxing)
 *fill*         0x000000000012e762        0x2 
 .rodata.str1.4
                0x000000000012e764       0x10 /home/chris/devkitPro/devkitARM/bin/../lib/gcc/arm-none-eabi/4.9.2/../../../../arm-none-eabi/lib/libg.a(lib_a-dtoa.o)
                                         0x14 (size before relaxing)
 .rodata.str1.4
                0x000000000012e774       0x12 /home/chris/devkitPro/devkitARM/bin/../lib/gcc/arm-none-eabi/4.9.2/../../../../arm-none-eabi/lib/libg.a(lib_a-jp2uc.o)
                                         0x14 (size before relaxing)
 *fill*         0x000000000012e786        0x2 
 .rodata.str1.4
                0x000000000012e788      0x112 /home/chris/devkitPro/devkitARM/bin/../lib/gcc/arm-none-eabi/4.9.2/../../../../arm-none-eabi/lib/libg.a(lib_a-locale.o)
                                        0x130 (size before relaxing)
 .rodata.str1.4
                0x0000000000000000        0x4 /home/chris/devkitPro/devkitARM/bin/../lib/gcc/arm-none-eabi/4.9.2/../../../../arm-none-eabi/lib/libg.a(lib_a-mbrtowc.o)
 *fill*         0x000000000012e89a        0x2 
 .rodata.str1.4
                0x000000000012e89c        0xf /home/chris/devkitPro/devkitARM/bin/../lib/gcc/arm-none-eabi/4.9.2/../../../../arm-none-eabi/lib/libg.a(lib_a-strtod.o)
                                         0x10 (size before relaxing)
 .rodata.str1.4
                0x0000000000000000       0x30 /home/chris/devkitPro/devkitARM/bin/../lib/gcc/arm-none-eabi/4.9.2/../../../../arm-none-eabi/lib/libg.a(lib_a-svfiprintf.o)
 .rodata.str1.4
                0x0000000000000000       0x44 /home/chris/devkitPro/devkitARM/bin/../lib/gcc/arm-none-eabi/4.9.2/../../../../arm-none-eabi/lib/libg.a(lib_a-svfprintf.o)
 *fill*         0x000000000012e8ab        0x1 
 .rodata.str1.4
                0x000000000012e8ac        0x8 /home/chris/devkitPro/devkitARM/bin/../lib/gcc/arm-none-eabi/4.9.2/../../../../arm-none-eabi/lib/libsysbase.a(iosupport.o)
 *all.rodata*(*)
 *(.gnu.linkonce.r*)
                0x000000000012e8b4                . = ALIGN (0x4)

.rel.dyn        0x000000000012e8b4        0x0
 .rel.iplt      0x0000000000000000        0x0 /home/chris/devkitPro/devkitARM/bin/../lib/gcc/arm-none-eabi/4.9.2/../../../../arm-none-eabi/lib/3dsx_crt0.o

.ARM.extab
 *(.ARM.extab* .gnu.linkonce.armextab.*)
                0x000000000012e8b4                __exidx_start = .

ARM.exidx
 *(.ARM.exidx* .gnu.linkonce.armexidx.*)
                0x000000000012e8b4                __exidx_end = .

.data           0x000000000012f000     0x1ef8
 *(.data)
 .data          0x000000000012f000        0x0 /home/chris/devkitPro/devkitARM/bin/../lib/gcc/arm-none-eabi/4.9.2/../../../../arm-none-eabi/lib/3dsx_crt0.o
 .data          0x000000000012f000        0x0 /home/chris/devkitPro/devkitARM/bin/../lib/gcc/arm-none-eabi/4.9.2/crti.o
 .data          0x000000000012f000        0x4 /home/chris/devkitPro/devkitARM/bin/../lib/gcc/arm-none-eabi/4.9.2/crtbegin.o
                0x000000000012f000                __dso_handle
 .data          0x000000000012f004        0x0 main.o
 .data          0x000000000012f004       0x54 /home/chris/devkitPro/libctru/lib/libctru.a(console.o)
                0x000000000012f004                defaultConsole
                0x000000000012f050                currentConsole
 .data          0x000000000012f058        0x0 /home/chris/devkitPro/libctru/lib/libctru.a(srv.o)
 .data          0x000000000012f058        0xc /home/chris/devkitPro/libctru/lib/libctru.a(gfx.o)
 .data          0x000000000012f064        0x0 /home/chris/devkitPro/libctru/lib/libctru.a(gsp.o)
 .data          0x000000000012f064        0x0 /home/chris/devkitPro/libctru/lib/libctru.a(apt.o)
 .data          0x000000000012f064        0x0 /home/chris/devkitPro/libctru/lib/libctru.a(hid.o)
 .data          0x000000000012f064        0x0 /home/chris/devkitPro/libctru/lib/libctru.a(gx.o)
 .data          0x000000000012f064        0x0 /home/chris/devkitPro/libctru/lib/libctru.a(initArgv.o)
 .data          0x000000000012f064        0x0 /home/chris/devkitPro/libctru/lib/libctru.a(svc.o)
 .data          0x000000000012f064        0x4 /home/chris/devkitPro/libctru/lib/libctru.a(stack_adjust.o)
                0x000000000012f064                __stacksize__
 .data          0x000000000012f068        0x0 /home/chris/devkitPro/libctru/lib/libctru.a(default_font.bin.o)
 .data          0x000000000012f068        0x0 /home/chris/devkitPro/libctru/lib/libctru.a(vram.o)
 .data          0x000000000012f068        0x0 /home/chris/devkitPro/libctru/lib/libctru.a(linear.o)
 .data          0x000000000012f068        0x0 /home/chris/devkitPro/libctru/lib/libctru.a(mem_pool.o)
 .data          0x000000000012f068        0x0 /home/chris/devkitPro/libctru/lib/libctru.a(irrst.o)
 .data          0x000000000012f068        0x0 /home/chris/devkitPro/libctru/lib/libctru.a(rbtree_init.o)
 .data          0x000000000012f068        0x0 /home/chris/devkitPro/libctru/lib/libctru.a(rbtree_insert.o)
 .data          0x000000000012f068        0x0 /home/chris/devkitPro/libctru/lib/libctru.a(rbtree_rotate.o)
 .data          0x000000000012f068        0x0 /home/chris/devkitPro/libctru/lib/libctru.a(rbtree_remove.o)
 .data          0x000000000012f068        0x0 /home/chris/devkitPro/libctru/lib/libctru.a(rbtree_find.o)
 .data          0x000000000012f068        0x0 /home/chris/devkitPro/libctru/lib/libctru.a(initSystem.o)
 .data          0x000000000012f068        0x0 /home/chris/devkitPro/libctru/lib/libctru.a(appInit.o)
 .data          0x000000000012f068        0x0 /home/chris/devkitPro/libctru/lib/libctru.a(allocateHeaps.o)
 .data          0x000000000012f068        0x0 /home/chris/devkitPro/libctru/lib/libctru.a(ctru_exit.o)
 .data          0x000000000012f068     0x1080 /home/chris/devkitPro/libctru/lib/libctru.a(sdmc_dev.o)
 .data          0x00000000001300e8        0x0 /home/chris/devkitPro/libctru/lib/libctru.a(fs.o)
 .data          0x00000000001300e8        0x0 /home/chris/devkitPro/libctru/lib/libctru.a(rbtree_iterator.o)
 .data          0x00000000001300e8        0x0 /home/chris/devkitPro/libctru/lib/libctru.a(appExit.o)
 .data          0x00000000001300e8        0x0 /home/chris/devkitPro/devkitARM/bin/../lib/gcc/arm-none-eabi/4.9.2/libgcc.a(_divsi3.o)
 .data          0x00000000001300e8        0x0 /home/chris/devkitPro/devkitARM/bin/../lib/gcc/arm-none-eabi/4.9.2/libgcc.a(_dvmd_tls.o)
 .data          0x00000000001300e8        0x0 /home/chris/devkitPro/devkitARM/bin/../lib/gcc/arm-none-eabi/4.9.2/../../../../arm-none-eabi/lib/libg.a(lib_a-fini.o)
 .data          0x00000000001300e8      0x430 /home/chris/devkitPro/devkitARM/bin/../lib/gcc/arm-none-eabi/4.9.2/../../../../arm-none-eabi/lib/libg.a(lib_a-impure.o)
                0x00000000001300e8                _impure_ptr
 .data          0x0000000000130518        0x0 /home/chris/devkitPro/devkitARM/bin/../lib/gcc/arm-none-eabi/4.9.2/../../../../arm-none-eabi/lib/libg.a(lib_a-init.o)
 .data          0x0000000000130518        0x0 /home/chris/devkitPro/devkitARM/bin/../lib/gcc/arm-none-eabi/4.9.2/../../../../arm-none-eabi/lib/libg.a(lib_a-iprintf.o)
 .data          0x0000000000130518        0x0 /home/chris/devkitPro/devkitARM/bin/../lib/gcc/arm-none-eabi/4.9.2/../../../../arm-none-eabi/lib/libg.a(lib_a-malloc.o)
 .data          0x0000000000130518      0x410 /home/chris/devkitPro/devkitARM/bin/../lib/gcc/arm-none-eabi/4.9.2/../../../../arm-none-eabi/lib/libg.a(lib_a-mallocr.o)
                0x0000000000130518                __malloc_av_
                0x0000000000130920                __malloc_sbrk_base
                0x0000000000130924                __malloc_trim_threshold
 .data          0x0000000000130928        0x0 /home/chris/devkitPro/devkitARM/bin/../lib/gcc/arm-none-eabi/4.9.2/../../../../arm-none-eabi/lib/libg.a(lib_a-memcpy-stub.o)
 .data          0x0000000000130928        0x0 /home/chris/devkitPro/devkitARM/bin/../lib/gcc/arm-none-eabi/4.9.2/../../../../arm-none-eabi/lib/libg.a(lib_a-memset.o)
 .data          0x0000000000130928        0x0 /home/chris/devkitPro/devkitARM/bin/../lib/gcc/arm-none-eabi/4.9.2/../../../../arm-none-eabi/lib/libg.a(lib_a-mlock.o)
 .data          0x0000000000130928        0x0 /home/chris/devkitPro/devkitARM/bin/../lib/gcc/arm-none-eabi/4.9.2/../../../../arm-none-eabi/lib/libg.a(lib_a-printf.o)
 .data          0x0000000000130928        0x0 /home/chris/devkitPro/devkitARM/bin/../lib/gcc/arm-none-eabi/4.9.2/../../../../arm-none-eabi/lib/libg.a(lib_a-setvbuf.o)
 .data          0x0000000000130928        0x0 /home/chris/devkitPro/devkitARM/bin/../lib/gcc/arm-none-eabi/4.9.2/../../../../arm-none-eabi/lib/libg.a(lib_a-sscanf.o)
 .data          0x0000000000130928        0x0 /home/chris/devkitPro/devkitARM/bin/../lib/gcc/arm-none-eabi/4.9.2/../../../../arm-none-eabi/lib/libg.a(lib_a-stdio.o)
 .data          0x0000000000130928        0x0 /home/chris/devkitPro/devkitARM/bin/../lib/gcc/arm-none-eabi/4.9.2/../../../../arm-none-eabi/lib/libg.a(lib_a-strchr.o)
 .data          0x0000000000130928        0x0 /home/chris/devkitPro/devkitARM/bin/../lib/gcc/arm-none-eabi/4.9.2/../../../../arm-none-eabi/lib/libg.a(lib_a-strcpy.o)
 .data          0x0000000000130928        0x0 /home/chris/devkitPro/devkitARM/bin/../lib/gcc/arm-none-eabi/4.9.2/../../../../arm-none-eabi/lib/libg.a(lib_a-strlen.o)
 .data          0x0000000000130928        0x0 /home/chris/devkitPro/devkitARM/bin/../lib/gcc/arm-none-eabi/4.9.2/../../../../arm-none-eabi/lib/libg.a(lib_a-strncat.o)
 .data          0x0000000000130928        0x0 /home/chris/devkitPro/devkitARM/bin/../lib/gcc/arm-none-eabi/4.9.2/../../../../arm-none-eabi/lib/libg.a(lib_a-strncpy.o)
 .data          0x0000000000130928        0x0 /home/chris/devkitPro/devkitARM/bin/../lib/gcc/arm-none-eabi/4.9.2/../../../../arm-none-eabi/lib/libg.a(lib_a-strrchr.o)
 .data          0x0000000000130928        0x0 /home/chris/devkitPro/devkitARM/bin/../lib/gcc/arm-none-eabi/4.9.2/../../../../arm-none-eabi/lib/libg.a(lib_a-svfscanf.o)
 .data          0x0000000000130928        0x0 /home/chris/devkitPro/devkitARM/bin/../lib/gcc/arm-none-eabi/4.9.2/../../../../arm-none-eabi/lib/libg.a(lib_a-vfiprintf.o)
 .data          0x0000000000130928        0x0 /home/chris/devkitPro/devkitARM/bin/../lib/gcc/arm-none-eabi/4.9.2/../../../../arm-none-eabi/lib/libg.a(lib_a-vfprintf.o)
 .data          0x0000000000130928        0x0 /home/chris/devkitPro/devkitARM/bin/../lib/gcc/arm-none-eabi/4.9.2/../../../../arm-none-eabi/lib/libg.a(lib_a-wcrtomb.o)
 .data          0x0000000000130928        0x0 /home/chris/devkitPro/devkitARM/bin/../lib/gcc/arm-none-eabi/4.9.2/../../../../arm-none-eabi/lib/libg.a(lib_a-wcsrtombs.o)
 .data          0x0000000000130928        0x4 /home/chris/devkitPro/devkitARM/bin/../lib/gcc/arm-none-eabi/4.9.2/../../../../arm-none-eabi/lib/libg.a(lib_a-wctomb_r.o)
                0x0000000000130928                __wctomb
 .data          0x000000000013092c        0x0 /home/chris/devkitPro/devkitARM/bin/../lib/gcc/arm-none-eabi/4.9.2/../../../../arm-none-eabi/lib/libg.a(lib_a-wsetup.o)
 .data          0x000000000013092c        0x4 /home/chris/devkitPro/devkitARM/bin/../lib/gcc/arm-none-eabi/4.9.2/../../../../arm-none-eabi/lib/libg.a(lib_a-ctype_.o)
                0x000000000013092c                __ctype_ptr__
 .data          0x0000000000130930        0x0 /home/chris/devkitPro/devkitARM/bin/../lib/gcc/arm-none-eabi/4.9.2/../../../../arm-none-eabi/lib/libg.a(lib_a-dtoa.o)
 .data          0x0000000000130930        0x0 /home/chris/devkitPro/devkitARM/bin/../lib/gcc/arm-none-eabi/4.9.2/../../../../arm-none-eabi/lib/libg.a(lib_a-fflush.o)
 .data          0x0000000000130930        0x0 /home/chris/devkitPro/devkitARM/bin/../lib/gcc/arm-none-eabi/4.9.2/../../../../arm-none-eabi/lib/libg.a(lib_a-findfp.o)
 .data          0x0000000000130930        0x0 /home/chris/devkitPro/devkitARM/bin/../lib/gcc/arm-none-eabi/4.9.2/../../../../arm-none-eabi/lib/libg.a(lib_a-fputwc.o)
 .data          0x0000000000130930        0x0 /home/chris/devkitPro/devkitARM/bin/../lib/gcc/arm-none-eabi/4.9.2/../../../../arm-none-eabi/lib/libg.a(lib_a-freer.o)
 .data          0x0000000000130930        0x0 /home/chris/devkitPro/devkitARM/bin/../lib/gcc/arm-none-eabi/4.9.2/../../../../arm-none-eabi/lib/libg.a(lib_a-fvwrite.o)
 .data          0x0000000000130930        0x0 /home/chris/devkitPro/devkitARM/bin/../lib/gcc/arm-none-eabi/4.9.2/../../../../arm-none-eabi/lib/libg.a(lib_a-fwalk.o)
 .data          0x0000000000130930        0x0 /home/chris/devkitPro/devkitARM/bin/../lib/gcc/arm-none-eabi/4.9.2/../../../../arm-none-eabi/lib/libg.a(lib_a-iswspace.o)
 .data          0x0000000000130930        0x0 /home/chris/devkitPro/devkitARM/bin/../lib/gcc/arm-none-eabi/4.9.2/../../../../arm-none-eabi/lib/libg.a(lib_a-jp2uc.o)
 .data          0x0000000000130930      0x17c /home/chris/devkitPro/devkitARM/bin/../lib/gcc/arm-none-eabi/4.9.2/../../../../arm-none-eabi/lib/libg.a(lib_a-locale.o)
                0x0000000000130930                __default_locale
                0x0000000000130a50                __mb_cur_max
 .data          0x0000000000130aac        0x0 /home/chris/devkitPro/devkitARM/bin/../lib/gcc/arm-none-eabi/4.9.2/../../../../arm-none-eabi/lib/libg.a(lib_a-makebuf.o)
 .data          0x0000000000130aac        0x0 /home/chris/devkitPro/devkitARM/bin/../lib/gcc/arm-none-eabi/4.9.2/../../../../arm-none-eabi/lib/libg.a(lib_a-mbrtowc.o)
 .data          0x0000000000130aac        0x4 /home/chris/devkitPro/devkitARM/bin/../lib/gcc/arm-none-eabi/4.9.2/../../../../arm-none-eabi/lib/libg.a(lib_a-mbtowc_r.o)
                0x0000000000130aac                __mbtowc
 .data          0x0000000000130ab0        0x0 /home/chris/devkitPro/devkitARM/bin/../lib/gcc/arm-none-eabi/4.9.2/../../../../arm-none-eabi/lib/libg.a(lib_a-memchr-stub.o)
 .data          0x0000000000130ab0        0x0 /home/chris/devkitPro/devkitARM/bin/../lib/gcc/arm-none-eabi/4.9.2/../../../../arm-none-eabi/lib/libg.a(lib_a-memmove.o)
 .data          0x0000000000130ab0        0x0 /home/chris/devkitPro/devkitARM/bin/../lib/gcc/arm-none-eabi/4.9.2/../../../../arm-none-eabi/lib/libg.a(lib_a-mprec.o)
 .data          0x0000000000130ab0        0x0 /home/chris/devkitPro/devkitARM/bin/../lib/gcc/arm-none-eabi/4.9.2/../../../../arm-none-eabi/lib/libg.a(lib_a-reallocr.o)
 .data          0x0000000000130ab0        0x0 /home/chris/devkitPro/devkitARM/bin/../lib/gcc/arm-none-eabi/4.9.2/../../../../arm-none-eabi/lib/libg.a(lib_a-sccl.o)
 .data          0x0000000000130ab0        0x0 /home/chris/devkitPro/devkitARM/bin/../lib/gcc/arm-none-eabi/4.9.2/../../../../arm-none-eabi/lib/libg.a(lib_a-sf_nan.o)
 .data          0x0000000000130ab0        0x0 /home/chris/devkitPro/devkitARM/bin/../lib/gcc/arm-none-eabi/4.9.2/../../../../arm-none-eabi/lib/libg.a(lib_a-s_fpclassify.o)
 .data          0x0000000000130ab0        0x0 /home/chris/devkitPro/devkitARM/bin/../lib/gcc/arm-none-eabi/4.9.2/../../../../arm-none-eabi/lib/libg.a(lib_a-s_frexp.o)
 .data          0x0000000000130ab0        0x0 /home/chris/devkitPro/devkitARM/bin/../lib/gcc/arm-none-eabi/4.9.2/../../../../arm-none-eabi/lib/libg.a(lib_a-sprintf.o)
 .data          0x0000000000130ab0        0x0 /home/chris/devkitPro/devkitARM/bin/../lib/gcc/arm-none-eabi/4.9.2/../../../../arm-none-eabi/lib/libg.a(lib_a-stpncpy.o)
 .data          0x0000000000130ab0        0x0 /home/chris/devkitPro/devkitARM/bin/../lib/gcc/arm-none-eabi/4.9.2/../../../../arm-none-eabi/lib/libg.a(lib_a-strcasecmp.o)
 .data          0x0000000000130ab0        0x0 /home/chris/devkitPro/devkitARM/bin/../lib/gcc/arm-none-eabi/4.9.2/../../../../arm-none-eabi/lib/libg.a(lib_a-strcat.o)
 .data          0x0000000000130ab0        0x0 /home/chris/devkitPro/devkitARM/bin/../lib/gcc/arm-none-eabi/4.9.2/../../../../arm-none-eabi/lib/libg.a(lib_a-strcmp.o)
 .data          0x0000000000130ab0        0x0 /home/chris/devkitPro/devkitARM/bin/../lib/gcc/arm-none-eabi/4.9.2/../../../../arm-none-eabi/lib/libg.a(lib_a-strlcpy.o)
 .data          0x0000000000130ab0        0x0 /home/chris/devkitPro/devkitARM/bin/../lib/gcc/arm-none-eabi/4.9.2/../../../../arm-none-eabi/lib/libg.a(lib_a-strncasecmp.o)
 .data          0x0000000000130ab0        0x0 /home/chris/devkitPro/devkitARM/bin/../lib/gcc/arm-none-eabi/4.9.2/../../../../arm-none-eabi/lib/libg.a(lib_a-strncmp.o)
 .data          0x0000000000130ab0        0x0 /home/chris/devkitPro/devkitARM/bin/../lib/gcc/arm-none-eabi/4.9.2/../../../../arm-none-eabi/lib/libg.a(lib_a-strtod.o)
 .data          0x0000000000130ab0        0x0 /home/chris/devkitPro/devkitARM/bin/../lib/gcc/arm-none-eabi/4.9.2/../../../../arm-none-eabi/lib/libg.a(lib_a-strtoll_r.o)
 .data          0x0000000000130ab0        0x0 /home/chris/devkitPro/devkitARM/bin/../lib/gcc/arm-none-eabi/4.9.2/../../../../arm-none-eabi/lib/libg.a(lib_a-strtol.o)
 .data          0x0000000000130ab0        0x0 /home/chris/devkitPro/devkitARM/bin/../lib/gcc/arm-none-eabi/4.9.2/../../../../arm-none-eabi/lib/libg.a(lib_a-strtoull_r.o)
 .data          0x0000000000130ab0        0x0 /home/chris/devkitPro/devkitARM/bin/../lib/gcc/arm-none-eabi/4.9.2/../../../../arm-none-eabi/lib/libg.a(lib_a-strtoul.o)
 .data          0x0000000000130ab0        0x0 /home/chris/devkitPro/devkitARM/bin/../lib/gcc/arm-none-eabi/4.9.2/../../../../arm-none-eabi/lib/libg.a(lib_a-svfiprintf.o)
 .data          0x0000000000130ab0        0x0 /home/chris/devkitPro/devkitARM/bin/../lib/gcc/arm-none-eabi/4.9.2/../../../../arm-none-eabi/lib/libg.a(lib_a-svfiscanf.o)
 .data          0x0000000000130ab0        0x0 /home/chris/devkitPro/devkitARM/bin/../lib/gcc/arm-none-eabi/4.9.2/../../../../arm-none-eabi/lib/libg.a(lib_a-svfprintf.o)
 .data          0x0000000000130ab0        0x0 /home/chris/devkitPro/devkitARM/bin/../lib/gcc/arm-none-eabi/4.9.2/../../../../arm-none-eabi/lib/libg.a(lib_a-ungetc.o)
 .data          0x0000000000130ab0        0x0 /home/chris/devkitPro/devkitARM/bin/../lib/gcc/arm-none-eabi/4.9.2/../../../../arm-none-eabi/lib/libg.a(lib_a-wbuf.o)
 .data          0x0000000000130ab0        0x0 /home/chris/devkitPro/devkitARM/bin/../lib/gcc/arm-none-eabi/4.9.2/../../../../arm-none-eabi/lib/libg.a(lib_a-wcsnrtombs.o)
 .data          0x0000000000130ab0        0x0 /home/chris/devkitPro/devkitARM/bin/../lib/gcc/arm-none-eabi/4.9.2/../../../../arm-none-eabi/lib/libg.a(lib_a-callocr.o)
 .data          0x0000000000130ab0        0x0 /home/chris/devkitPro/devkitARM/bin/../lib/gcc/arm-none-eabi/4.9.2/../../../../arm-none-eabi/lib/libg.a(lib_a-fclose.o)
 .data          0x0000000000130ab0        0x0 /home/chris/devkitPro/devkitARM/bin/../lib/gcc/arm-none-eabi/4.9.2/../../../../arm-none-eabi/lib/libg.a(lib_a-gdtoa-gethex.o)
 .data          0x0000000000130ab0        0x0 /home/chris/devkitPro/devkitARM/bin/../lib/gcc/arm-none-eabi/4.9.2/../../../../arm-none-eabi/lib/libg.a(lib_a-gdtoa-hexnan.o)
 .data          0x0000000000130ab0        0x0 /home/chris/devkitPro/devkitARM/bin/../lib/gcc/arm-none-eabi/4.9.2/../../../../arm-none-eabi/lib/libg.a(lib_a-getenv_r.o)
 .data          0x0000000000130ab0        0x4 /home/chris/devkitPro/devkitARM/bin/../lib/gcc/arm-none-eabi/4.9.2/../../../../arm-none-eabi/lib/libg.a(lib_a-environ.o)
                0x0000000000130ab0                environ
 .data          0x0000000000130ab4        0x0 /home/chris/devkitPro/devkitARM/bin/../lib/gcc/arm-none-eabi/4.9.2/../../../../arm-none-eabi/lib/libg.a(lib_a-envlock.o)
 .data          0x0000000000130ab4       0x44 /home/chris/devkitPro/devkitARM/bin/../lib/gcc/arm-none-eabi/4.9.2/../../../../arm-none-eabi/lib/libsysbase.a(iosupport.o)
                0x0000000000130ab8                devoptab_list
 .data          0x0000000000130af8        0x0 /home/chris/devkitPro/devkitARM/bin/../lib/gcc/arm-none-eabi/4.9.2/../../../../arm-none-eabi/lib/libsysbase.a(close.o)
 .data          0x0000000000130af8        0x0 /home/chris/devkitPro/devkitARM/bin/../lib/gcc/arm-none-eabi/4.9.2/../../../../arm-none-eabi/lib/libsysbase.a(fstat.o)
 .data          0x0000000000130af8        0x0 /home/chris/devkitPro/devkitARM/bin/../lib/gcc/arm-none-eabi/4.9.2/../../../../arm-none-eabi/lib/libsysbase.a(isatty.o)
 .data          0x0000000000130af8        0x0 /home/chris/devkitPro/devkitARM/bin/../lib/gcc/arm-none-eabi/4.9.2/../../../../arm-none-eabi/lib/libsysbase.a(lseek.o)
 .data          0x0000000000130af8        0x0 /home/chris/devkitPro/devkitARM/bin/../lib/gcc/arm-none-eabi/4.9.2/../../../../arm-none-eabi/lib/libsysbase.a(read.o)
 .data          0x0000000000130af8        0x0 /home/chris/devkitPro/devkitARM/bin/../lib/gcc/arm-none-eabi/4.9.2/../../../../arm-none-eabi/lib/libsysbase.a(sbrk.o)
 .data          0x0000000000130af8        0x0 /home/chris/devkitPro/devkitARM/bin/../lib/gcc/arm-none-eabi/4.9.2/../../../../arm-none-eabi/lib/libsysbase.a(write.o)
 .data          0x0000000000130af8        0x0 /home/chris/devkitPro/devkitARM/bin/../lib/gcc/arm-none-eabi/4.9.2/../../../../arm-none-eabi/lib/libsysbase.a(malloc_vars.o)
 .data          0x0000000000130af8      0x400 /home/chris/devkitPro/devkitARM/bin/../lib/gcc/arm-none-eabi/4.9.2/../../../../arm-none-eabi/lib/libsysbase.a(chdir.o)
 .data          0x0000000000130ef8        0x0 /home/chris/devkitPro/devkitARM/bin/../lib/gcc/arm-none-eabi/4.9.2/../../../../arm-none-eabi/lib/libsysbase.a(syscall_support.o)
 .data          0x0000000000130ef8        0x0 /home/chris/devkitPro/devkitARM/bin/../lib/gcc/arm-none-eabi/4.9.2/../../../../arm-none-eabi/lib/libsysbase.a(handle_manager.o)
 .data          0x0000000000130ef8        0x0 /home/chris/devkitPro/devkitARM/bin/../lib/gcc/arm-none-eabi/4.9.2/libgcc.a(_udivsi3.o)
 .data          0x0000000000130ef8        0x0 /home/chris/devkitPro/devkitARM/bin/../lib/gcc/arm-none-eabi/4.9.2/libgcc.a(_arm_addsubdf3.o)
 .data          0x0000000000130ef8        0x0 /home/chris/devkitPro/devkitARM/bin/../lib/gcc/arm-none-eabi/4.9.2/libgcc.a(_arm_muldivdf3.o)
 .data          0x0000000000130ef8        0x0 /home/chris/devkitPro/devkitARM/bin/../lib/gcc/arm-none-eabi/4.9.2/libgcc.a(_arm_cmpdf2.o)
 .data          0x0000000000130ef8        0x0 /home/chris/devkitPro/devkitARM/bin/../lib/gcc/arm-none-eabi/4.9.2/libgcc.a(_arm_fixdfsi.o)
 .data          0x0000000000130ef8        0x0 /home/chris/devkitPro/devkitARM/bin/../lib/gcc/arm-none-eabi/4.9.2/libgcc.a(_arm_fixunsdfsi.o)
 .data          0x0000000000130ef8        0x0 /home/chris/devkitPro/devkitARM/bin/../lib/gcc/arm-none-eabi/4.9.2/libgcc.a(_arm_truncdfsf2.o)
 .data          0x0000000000130ef8        0x0 /home/chris/devkitPro/devkitARM/bin/../lib/gcc/arm-none-eabi/4.9.2/libgcc.a(_aeabi_uldivmod.o)
 .data          0x0000000000130ef8        0x0 /home/chris/devkitPro/devkitARM/bin/../lib/gcc/arm-none-eabi/4.9.2/libgcc.a(bpabi.o)
 .data          0x0000000000130ef8        0x0 /home/chris/devkitPro/devkitARM/bin/../lib/gcc/arm-none-eabi/4.9.2/libgcc.a(_divdi3.o)
 .data          0x0000000000130ef8        0x0 /home/chris/devkitPro/devkitARM/bin/../lib/gcc/arm-none-eabi/4.9.2/libgcc.a(_udivdi3.o)
 .data          0x0000000000130ef8        0x0 /home/chris/devkitPro/devkitARM/bin/../lib/gcc/arm-none-eabi/4.9.2/libgcc.a(_clzdi2.o)
 .data          0x0000000000130ef8        0x0 /home/chris/devkitPro/devkitARM/bin/../lib/gcc/arm-none-eabi/4.9.2/libgcc.a(_clzsi2.o)
 .data          0x0000000000130ef8        0x0 /home/chris/devkitPro/devkitARM/bin/../lib/gcc/arm-none-eabi/4.9.2/../../../../arm-none-eabi/lib/libg.a(lib_a-strnlen.o)
 .data          0x0000000000130ef8        0x0 /home/chris/devkitPro/devkitARM/bin/../lib/gcc/arm-none-eabi/4.9.2/crtend.o
 .data          0x0000000000130ef8        0x0 /home/chris/devkitPro/devkitARM/bin/../lib/gcc/arm-none-eabi/4.9.2/crtn.o
 *(.data.*)
 *(.gnu.linkonce.d*)
                0x0000000000130ef8                . = ALIGN (0x4)

.igot.plt       0x0000000000130ef8        0x0
 .igot.plt      0x0000000000000000        0x0 /home/chris/devkitPro/devkitARM/bin/../lib/gcc/arm-none-eabi/4.9.2/../../../../arm-none-eabi/lib/3dsx_crt0.o

.eh_frame       0x0000000000130ef8        0x4
 .eh_frame      0x0000000000130ef8        0x0 /home/chris/devkitPro/devkitARM/bin/../lib/gcc/arm-none-eabi/4.9.2/crtbegin.o
 .eh_frame      0x0000000000130ef8        0x4 /home/chris/devkitPro/devkitARM/bin/../lib/gcc/arm-none-eabi/4.9.2/crtend.o

.jcr            0x0000000000130efc        0x4
 .jcr           0x0000000000130efc        0x0 /home/chris/devkitPro/devkitARM/bin/../lib/gcc/arm-none-eabi/4.9.2/crtbegin.o
 .jcr           0x0000000000130efc        0x4 /home/chris/devkitPro/devkitARM/bin/../lib/gcc/arm-none-eabi/4.9.2/crtend.o

.tm_clone_table
                0x0000000000130f00        0x0
 .tm_clone_table
                0x0000000000130f00        0x0 /home/chris/devkitPro/devkitARM/bin/../lib/gcc/arm-none-eabi/4.9.2/crtbegin.o
 .tm_clone_table
                0x0000000000130f00        0x0 /home/chris/devkitPro/devkitARM/bin/../lib/gcc/arm-none-eabi/4.9.2/crtend.o
                0x0000000000130f00                __TMC_END__

.preinit_array  0x0000000000130f00        0x0
                0x0000000000130f00                PROVIDE (__preinit_array_start, .)
 *(.preinit_array)
                0x0000000000130f00                PROVIDE (__preinit_array_end, .)

.init_array     0x0000000000130f00        0x4
                0x0000000000130f00                PROVIDE (__init_array_start, .)
 *(SORT(.init_array.*))
 *(.init_array)
 .init_array    0x0000000000130f00        0x4 /home/chris/devkitPro/devkitARM/bin/../lib/gcc/arm-none-eabi/4.9.2/crtbegin.o
                0x0000000000130f04                PROVIDE (__init_array_end, .)

.fini_array     0x0000000000130f04        0x4
                0x0000000000130f04                PROVIDE (__fini_array_start, .)
 *(.fini_array)
 .fini_array    0x0000000000130f04        0x4 /home/chris/devkitPro/devkitARM/bin/../lib/gcc/arm-none-eabi/4.9.2/crtbegin.o
 *(SORT(.fini_array.*))
                0x0000000000130f08                PROVIDE (__fini_array_end, .)

.ctors
 *crtbegin.o(.ctors)
 *(EXCLUDE_FILE(*crtend.o) .ctors)
 *(SORT(.ctors.*))
 *(.ctors)

.dtors
 *crtbegin.o(.dtors)
 *(EXCLUDE_FILE(*crtend.o) .dtors)
 *(SORT(.dtors.*))
 *(.dtors)
                0x0000000000130f08                __bss_start__ = .

.bss            0x0000000000130f08     0x555c
 *(.dynbss)
 *(.bss)
 .bss           0x0000000000130f08        0x0 /home/chris/devkitPro/devkitARM/bin/../lib/gcc/arm-none-eabi/4.9.2/../../../../arm-none-eabi/lib/3dsx_crt0.o
 .bss           0x0000000000130f08        0x0 /home/chris/devkitPro/devkitARM/bin/../lib/gcc/arm-none-eabi/4.9.2/crti.o
 .bss           0x0000000000130f08       0x1c /home/chris/devkitPro/devkitARM/bin/../lib/gcc/arm-none-eabi/4.9.2/crtbegin.o
 .bss           0x0000000000130f24        0x0 main.o
 .bss           0x0000000000130f24        0x0 /home/chris/devkitPro/libctru/lib/libctru.a(console.o)
 .bss           0x0000000000130f24        0x4 /home/chris/devkitPro/libctru/lib/libctru.a(srv.o)
 .bss           0x0000000000130f28        0xc /home/chris/devkitPro/libctru/lib/libctru.a(gfx.o)
                0x0000000000130f2c                screenFree
 .bss           0x0000000000130f34        0xc /home/chris/devkitPro/libctru/lib/libctru.a(gsp.o)
                0x0000000000130f3c                gspGpuHandle
 .bss           0x0000000000130f40       0x50 /home/chris/devkitPro/libctru/lib/libctru.a(apt.o)
                0x0000000000130f44                aptStatusEvent
                0x0000000000130f48                aptStatus
                0x0000000000130f4c                aptStatusPower
                0x0000000000130f50                aptSleepSync
                0x0000000000130f78                aptStatusBeforeSleep
 .bss           0x0000000000130f90       0x2c /home/chris/devkitPro/libctru/lib/libctru.a(hid.o)
 .bss           0x0000000000130fbc        0x0 /home/chris/devkitPro/libctru/lib/libctru.a(gx.o)
 .bss           0x0000000000130fbc        0x0 /home/chris/devkitPro/libctru/lib/libctru.a(initArgv.o)
 .bss           0x0000000000130fbc        0x0 /home/chris/devkitPro/libctru/lib/libctru.a(svc.o)
 .bss           0x0000000000130fbc        0x8 /home/chris/devkitPro/libctru/lib/libctru.a(stack_adjust.o)
 .bss           0x0000000000130fc4        0x0 /home/chris/devkitPro/libctru/lib/libctru.a(default_font.bin.o)
 .bss           0x0000000000130fc4       0x14 /home/chris/devkitPro/libctru/lib/libctru.a(vram.o)
 .bss           0x0000000000130fd8       0x14 /home/chris/devkitPro/libctru/lib/libctru.a(linear.o)
 .bss           0x0000000000130fec        0x0 /home/chris/devkitPro/libctru/lib/libctru.a(mem_pool.o)
 .bss           0x0000000000130fec        0xc /home/chris/devkitPro/libctru/lib/libctru.a(irrst.o)
 .bss           0x0000000000130ff8        0x0 /home/chris/devkitPro/libctru/lib/libctru.a(rbtree_init.o)
 .bss           0x0000000000130ff8        0x0 /home/chris/devkitPro/libctru/lib/libctru.a(rbtree_insert.o)
 .bss           0x0000000000130ff8        0x0 /home/chris/devkitPro/libctru/lib/libctru.a(rbtree_rotate.o)
 .bss           0x0000000000130ff8        0x0 /home/chris/devkitPro/libctru/lib/libctru.a(rbtree_remove.o)
 .bss           0x0000000000130ff8        0x0 /home/chris/devkitPro/libctru/lib/libctru.a(rbtree_find.o)
 .bss           0x0000000000130ff8        0x0 /home/chris/devkitPro/libctru/lib/libctru.a(initSystem.o)
 .bss           0x0000000000130ff8        0x0 /home/chris/devkitPro/libctru/lib/libctru.a(appInit.o)
 .bss           0x0000000000130ff8        0x0 /home/chris/devkitPro/libctru/lib/libctru.a(allocateHeaps.o)
 .bss           0x0000000000130ff8        0x0 /home/chris/devkitPro/libctru/lib/libctru.a(ctru_exit.o)
 .bss           0x0000000000130ff8     0x1004 /home/chris/devkitPro/libctru/lib/libctru.a(sdmc_dev.o)
 .bss           0x0000000000131ffc        0x8 /home/chris/devkitPro/libctru/lib/libctru.a(fs.o)
 .bss           0x0000000000132004        0x0 /home/chris/devkitPro/libctru/lib/libctru.a(rbtree_iterator.o)
 .bss           0x0000000000132004        0x0 /home/chris/devkitPro/libctru/lib/libctru.a(appExit.o)
 .bss           0x0000000000132004        0x0 /home/chris/devkitPro/devkitARM/bin/../lib/gcc/arm-none-eabi/4.9.2/libgcc.a(_divsi3.o)
 .bss           0x0000000000132004        0x0 /home/chris/devkitPro/devkitARM/bin/../lib/gcc/arm-none-eabi/4.9.2/libgcc.a(_dvmd_tls.o)
 .bss           0x0000000000132004        0x0 /home/chris/devkitPro/devkitARM/bin/../lib/gcc/arm-none-eabi/4.9.2/../../../../arm-none-eabi/lib/libg.a(lib_a-fini.o)
 .bss           0x0000000000132004        0x0 /home/chris/devkitPro/devkitARM/bin/../lib/gcc/arm-none-eabi/4.9.2/../../../../arm-none-eabi/lib/libg.a(lib_a-impure.o)
 .bss           0x0000000000132004        0x0 /home/chris/devkitPro/devkitARM/bin/../lib/gcc/arm-none-eabi/4.9.2/../../../../arm-none-eabi/lib/libg.a(lib_a-init.o)
 .bss           0x0000000000132004        0x0 /home/chris/devkitPro/devkitARM/bin/../lib/gcc/arm-none-eabi/4.9.2/../../../../arm-none-eabi/lib/libg.a(lib_a-iprintf.o)
 .bss           0x0000000000132004        0x0 /home/chris/devkitPro/devkitARM/bin/../lib/gcc/arm-none-eabi/4.9.2/../../../../arm-none-eabi/lib/libg.a(lib_a-malloc.o)
 .bss           0x0000000000132004       0x34 /home/chris/devkitPro/devkitARM/bin/../lib/gcc/arm-none-eabi/4.9.2/../../../../arm-none-eabi/lib/libg.a(lib_a-mallocr.o)
                0x0000000000132004                __malloc_top_pad
                0x0000000000132008                __malloc_current_mallinfo
                0x0000000000132030                __malloc_max_sbrked_mem
                0x0000000000132034                __malloc_max_total_mem
 .bss           0x0000000000132038        0x0 /home/chris/devkitPro/devkitARM/bin/../lib/gcc/arm-none-eabi/4.9.2/../../../../arm-none-eabi/lib/libg.a(lib_a-memcpy-stub.o)
 .bss           0x0000000000132038        0x0 /home/chris/devkitPro/devkitARM/bin/../lib/gcc/arm-none-eabi/4.9.2/../../../../arm-none-eabi/lib/libg.a(lib_a-memset.o)
 .bss           0x0000000000132038        0x0 /home/chris/devkitPro/devkitARM/bin/../lib/gcc/arm-none-eabi/4.9.2/../../../../arm-none-eabi/lib/libg.a(lib_a-mlock.o)
 .bss           0x0000000000132038        0x0 /home/chris/devkitPro/devkitARM/bin/../lib/gcc/arm-none-eabi/4.9.2/../../../../arm-none-eabi/lib/libg.a(lib_a-printf.o)
 .bss           0x0000000000132038        0x0 /home/chris/devkitPro/devkitARM/bin/../lib/gcc/arm-none-eabi/4.9.2/../../../../arm-none-eabi/lib/libg.a(lib_a-setvbuf.o)
 .bss           0x0000000000132038        0x0 /home/chris/devkitPro/devkitARM/bin/../lib/gcc/arm-none-eabi/4.9.2/../../../../arm-none-eabi/lib/libg.a(lib_a-sscanf.o)
 .bss           0x0000000000132038        0x0 /home/chris/devkitPro/devkitARM/bin/../lib/gcc/arm-none-eabi/4.9.2/../../../../arm-none-eabi/lib/libg.a(lib_a-stdio.o)
 .bss           0x0000000000132038        0x0 /home/chris/devkitPro/devkitARM/bin/../lib/gcc/arm-none-eabi/4.9.2/../../../../arm-none-eabi/lib/libg.a(lib_a-strchr.o)
 .bss           0x0000000000132038        0x0 /home/chris/devkitPro/devkitARM/bin/../lib/gcc/arm-none-eabi/4.9.2/../../../../arm-none-eabi/lib/libg.a(lib_a-strcpy.o)
 .bss           0x0000000000132038        0x0 /home/chris/devkitPro/devkitARM/bin/../lib/gcc/arm-none-eabi/4.9.2/../../../../arm-none-eabi/lib/libg.a(lib_a-strlen.o)
 .bss           0x0000000000132038        0x0 /home/chris/devkitPro/devkitARM/bin/../lib/gcc/arm-none-eabi/4.9.2/../../../../arm-none-eabi/lib/libg.a(lib_a-strncat.o)
 .bss           0x0000000000132038        0x0 /home/chris/devkitPro/devkitARM/bin/../lib/gcc/arm-none-eabi/4.9.2/../../../../arm-none-eabi/lib/libg.a(lib_a-strncpy.o)
 .bss           0x0000000000132038        0x0 /home/chris/devkitPro/devkitARM/bin/../lib/gcc/arm-none-eabi/4.9.2/../../../../arm-none-eabi/lib/libg.a(lib_a-strrchr.o)
 .bss           0x0000000000132038        0x0 /home/chris/devkitPro/devkitARM/bin/../lib/gcc/arm-none-eabi/4.9.2/../../../../arm-none-eabi/lib/libg.a(lib_a-svfscanf.o)
 .bss           0x0000000000132038        0x0 /home/chris/devkitPro/devkitARM/bin/../lib/gcc/arm-none-eabi/4.9.2/../../../../arm-none-eabi/lib/libg.a(lib_a-vfiprintf.o)
 .bss           0x0000000000132038        0x0 /home/chris/devkitPro/devkitARM/bin/../lib/gcc/arm-none-eabi/4.9.2/../../../../arm-none-eabi/lib/libg.a(lib_a-vfprintf.o)
 .bss           0x0000000000132038        0x0 /home/chris/devkitPro/devkitARM/bin/../lib/gcc/arm-none-eabi/4.9.2/../../../../arm-none-eabi/lib/libg.a(lib_a-wcrtomb.o)
 .bss           0x0000000000132038        0x0 /home/chris/devkitPro/devkitARM/bin/../lib/gcc/arm-none-eabi/4.9.2/../../../../arm-none-eabi/lib/libg.a(lib_a-wcsrtombs.o)
 .bss           0x0000000000132038        0x0 /home/chris/devkitPro/devkitARM/bin/../lib/gcc/arm-none-eabi/4.9.2/../../../../arm-none-eabi/lib/libg.a(lib_a-wctomb_r.o)
 .bss           0x0000000000132038        0x0 /home/chris/devkitPro/devkitARM/bin/../lib/gcc/arm-none-eabi/4.9.2/../../../../arm-none-eabi/lib/libg.a(lib_a-wsetup.o)
 .bss           0x0000000000132038        0x0 /home/chris/devkitPro/devkitARM/bin/../lib/gcc/arm-none-eabi/4.9.2/../../../../arm-none-eabi/lib/libg.a(lib_a-ctype_.o)